OpenJDK 64-Bit Server VM (25.265-b11) for bsd-amd64 JRE (Zulu 8.48.0.53-CA-macosx) (1.8.0_265-b11), built on Jul 28 2020 03:07:54 by "zulu_re" with gcc 4.2.1 (Based on Apple Inc. build 5658) (LLVM build 2336.11.00)
Memory: 4k page, physical 16777216k(19472k free)

/proc/meminfo:

CommandLine flags: -XX:InitialHeapSize=268435456 -XX:MaxHeapSize=4294967296 -XX:MaxNewSize=697933824 -XX:MaxTenuringThreshold=6 -XX:OldPLABSize=16 -XX:+PrintGC -XX:+PrintGCDateStamps -XX:+PrintGCDetails -XX:+PrintGCTimeStamps -XX:+UseCompressedClassPointers -XX:+UseCompressedOops -XX:+UseConcMarkSweepGC -XX:+UseParNewGC 
2020-10-25T11:40:17.220-0800: 0.272: [GC (Allocation Failure) 2020-10-25T11:40:17.220-0800: 0.272: [ParNew: 69952K->8704K(78656K), 0.0194658 secs] 69952K->21816K(253440K), 0.0198709 secs] [Times: user=0.03 sys=0.02, real=0.02 secs] 
2020-10-25T11:40:17.263-0800: 0.315: [GC (Allocation Failure) 2020-10-25T11:40:17.263-0800: 0.315: [ParNew: 78656K->8704K(78656K), 0.0199504 secs] 91768K->44759K(253440K), 0.0201830 secs] [Times: user=0.03 sys=0.02, real=0.02 secs] 
2020-10-25T11:40:17.300-0800: 0.352: [GC (Allocation Failure) 2020-10-25T11:40:17.300-0800: 0.352: [ParNew: 78571K->8700K(78656K), 0.0223021 secs] 114627K->68510K(253440K), 0.0224275 secs] [Times: user=0.06 sys=0.01, real=0.02 secs] 
2020-10-25T11:40:17.337-0800: 0.389: [GC (Allocation Failure) 2020-10-25T11:40:17.338-0800: 0.389: [ParNew: 78437K->8703K(78656K), 0.0221083 secs] 138248K->91635K(253440K), 0.0222279 secs] [Times: user=0.05 sys=0.01, real=0.03 secs] 
2020-10-25T11:40:17.374-0800: 0.426: [GC (Allocation Failure) 2020-10-25T11:40:17.374-0800: 0.426: [ParNew: 78481K->8703K(78656K), 0.0227619 secs] 161414K->117553K(253440K), 0.0228696 secs] [Times: user=0.06 sys=0.01, real=0.02 secs] 
2020-10-25T11:40:17.397-0800: 0.449: [GC (CMS Initial Mark) [1 CMS-initial-mark: 108849K(174784K)] 119248K(253440K), 0.0003670 secs] [Times: user=0.00 sys=0.00, real=0.00 secs] 
2020-10-25T11:40:17.398-0800: 0.449: [CMS-concurrent-mark-start]
2020-10-25T11:40:17.399-0800: 0.451: [CMS-concurrent-mark: 0.002/0.002 secs] [Times: user=0.00 sys=0.01, real=0.00 secs] 
2020-10-25T11:40:17.399-0800: 0.451: [CMS-concurrent-preclean-start]
2020-10-25T11:40:17.401-0800: 0.452: [CMS-concurrent-preclean: 0.001/0.001 secs] [Times: user=0.00 sys=0.00, real=0.01 secs] 
2020-10-25T11:40:17.401-0800: 0.452: [CMS-concurrent-abortable-preclean-start]
2020-10-25T11:40:17.409-0800: 0.461: [GC (Allocation Failure) 2020-10-25T11:40:17.409-0800: 0.461: [ParNew: 78634K->8698K(78656K), 0.0329611 secs] 187484K->144106K(253440K), 0.0330739 secs] [Times: user=0.06 sys=0.01, real=0.04 secs] 
2020-10-25T11:40:17.455-0800: 0.507: [GC (Allocation Failure) 2020-10-25T11:40:17.455-0800: 0.507: [ParNew: 78237K->8703K(78656K), 0.0189678 secs] 213645K->165438K(253440K), 0.0190986 secs] [Times: user=0.04 sys=0.01, real=0.02 secs] 
2020-10-25T11:40:17.486-0800: 0.538: [GC (Allocation Failure) 2020-10-25T11:40:17.486-0800: 0.538: [ParNew: 78605K->8701K(78656K), 0.0216270 secs] 235340K->193295K(263840K), 0.0217539 secs] [Times: user=0.06 sys=0.01, real=0.02 secs] 
2020-10-25T11:40:17.521-0800: 0.572: [GC (Allocation Failure) 2020-10-25T11:40:17.521-0800: 0.572: [ParNew: 78577K->8699K(78656K), 0.0208910 secs] 263171K->216178K(286864K), 0.0210004 secs] [Times: user=0.07 sys=0.01, real=0.02 secs] 
2020-10-25T11:40:17.560-0800: 0.612: [GC (Allocation Failure) 2020-10-25T11:40:17.561-0800: 0.613: [ParNew: 78651K->8689K(78656K), 0.0172099 secs] 286130K->235514K(306260K), 0.0179143 secs] [Times: user=0.04 sys=0.01, real=0.01 secs] 
2020-10-25T11:40:17.597-0800: 0.649: [GC (Allocation Failure) 2020-10-25T11:40:17.597-0800: 0.649: [ParNew: 78641K->8702K(78656K), 0.0328353 secs] 305466K->260704K(331424K), 0.0329374 secs] [Times: user=0.12 sys=0.02, real=0.04 secs] 
2020-10-25T11:40:17.643-0800: 0.694: [GC (Allocation Failure) 2020-10-25T11:40:17.643-0800: 0.694: [ParNew: 78654K->8703K(78656K), 0.0239099 secs] 330656K->284762K(355392K), 0.0240507 secs] [Times: user=0.07 sys=0.01, real=0.02 secs] 
2020-10-25T11:40:17.682-0800: 0.733: [GC (Allocation Failure) 2020-10-25T11:40:17.682-0800: 0.734: [ParNew: 78655K->8703K(78656K), 0.0248555 secs] 354714K->308359K(379036K), 0.0251270 secs] [Times: user=0.10 sys=0.01, real=0.02 secs] 
2020-10-25T11:40:17.720-0800: 0.771: [GC (Allocation Failure) 2020-10-25T11:40:17.720-0800: 0.772: [ParNew: 78655K->8703K(78656K), 0.0258208 secs] 378311K->333191K(403844K), 0.0259231 secs] [Times: user=0.07 sys=0.01, real=0.02 secs] 
2020-10-25T11:40:17.759-0800: 0.811: [GC (Allocation Failure) 2020-10-25T11:40:17.759-0800: 0.811: [ParNew: 78655K->8703K(78656K), 0.0204583 secs] 403143K->354063K(424768K), 0.0205575 secs] [Times: user=0.06 sys=0.02, real=0.03 secs] 
2020-10-25T11:40:17.791-0800: 0.843: [GC (Allocation Failure) 2020-10-25T11:40:17.791-0800: 0.843: [ParNew: 78655K->8702K(78656K), 0.0229081 secs] 424015K->379610K(450328K), 0.0230119 secs] [Times: user=0.10 sys=0.01, real=0.02 secs] 
2020-10-25T11:40:17.829-0800: 0.881: [GC (Allocation Failure) 2020-10-25T11:40:17.829-0800: 0.881: [ParNew: 78413K->8702K(78656K), 0.0272691 secs] 449321K->405658K(476472K), 0.0273641 secs] [Times: user=0.07 sys=0.01, real=0.03 secs] 
2020-10-25T11:40:17.874-0800: 0.925: [GC (Allocation Failure) 2020-10-25T11:40:17.874-0800: 0.925: [ParNew: 78654K->8702K(78656K), 0.0226227 secs] 475610K->426939K(497692K), 0.0227124 secs] [Times: user=0.06 sys=0.01, real=0.02 secs] 
2020-10-25T11:40:17.910-0800: 0.961: [GC (Allocation Failure) 2020-10-25T11:40:17.910-0800: 0.962: [ParNew: 78654K->8701K(78656K), 0.0302644 secs] 496891K->455440K(526196K), 0.0303770 secs] [Times: user=0.10 sys=0.02, real=0.03 secs] 
2020-10-25T11:40:17.955-0800: 1.007: [GC (Allocation Failure) 2020-10-25T11:40:17.955-0800: 1.007: [ParNew: 78653K->8702K(78656K), 0.0259905 secs] 525392K->479565K(550352K), 0.0260987 secs] [Times: user=0.07 sys=0.01, real=0.03 secs] 
2020-10-25T11:40:17.994-0800: 1.046: [GC (Allocation Failure) 2020-10-25T11:40:17.994-0800: 1.046: [ParNew: 78654K->8689K(78656K), 0.0213418 secs] 549517K->502864K(573720K), 0.0214538 secs] [Times: user=0.08 sys=0.01, real=0.02 secs] 
2020-10-25T11:40:18.030-0800: 1.082: [GC (Allocation Failure) 2020-10-25T11:40:18.031-0800: 1.082: [ParNew: 78502K->8684K(78656K), 0.0232947 secs] 572677K->526374K(597104K), 0.0233992 secs] [Times: user=0.06 sys=0.01, real=0.02 secs] 
2020-10-25T11:40:18.072-0800: 1.124: [GC (Allocation Failure) 2020-10-25T11:40:18.072-0800: 1.124: [ParNew: 78636K->8695K(78656K), 0.0239082 secs] 596326K->549272K(620040K), 0.0240040 secs] [Times: user=0.04 sys=0.01, real=0.02 secs] 
2020-10-25T11:40:18.110-0800: 1.161: [GC (Allocation Failure) 2020-10-25T11:40:18.110-0800: 1.161: [ParNew: 78463K->8702K(78656K), 0.0262513 secs] 619039K->576530K(647216K), 0.0263722 secs] [Times: user=0.07 sys=0.02, real=0.02 secs] 
Heap
 par new generation   total 78656K, used 12167K [0x00000006c0000000, 0x00000006c5550000, 0x00000006e9990000)
  eden space 69952K,   4% used [0x00000006c0000000, 0x00000006c0362468, 0x00000006c4450000)
  from space 8704K,  99% used [0x00000006c4450000, 0x00000006c4ccf860, 0x00000006c4cd0000)
  to   space 8704K,   0% used [0x00000006c4cd0000, 0x00000006c4cd0000, 0x00000006c5550000)
 concurrent mark-sweep generation total 568560K, used 567828K [0x00000006e9990000, 0x000000070c4cc000, 0x00000007c0000000)
 Metaspace       used 2899K, capacity 4486K, committed 4864K, reserved 1056768K
  class space    used 309K, capacity 386K, committed 512K, reserved 1048576K
