OpenJDK 64-Bit Server VM (25.265-b11) for bsd-amd64 JRE (Zulu 8.48.0.53-CA-macosx) (1.8.0_265-b11), built on Jul 28 2020 03:07:54 by "zulu_re" with gcc 4.2.1 (Based on Apple Inc. build 5658) (LLVM build 2336.11.00)
Memory: 4k page, physical 16777216k(883576k free)

/proc/meminfo:

CommandLine flags: -XX:InitialHeapSize=268435456 -XX:MaxHeapSize=268435456 -XX:MaxNewSize=89481216 -XX:MaxTenuringThreshold=6 -XX:NewSize=89481216 -XX:OldPLABSize=16 -XX:OldSize=178954240 -XX:+PrintGC -XX:+PrintGCDateStamps -XX:+PrintGCDetails -XX:+PrintGCTimeStamps -XX:+UseCompressedClassPointers -XX:+UseCompressedOops -XX:+UseConcMarkSweepGC -XX:+UseParNewGC 
2020-10-25T11:43:36.341-0800: 0.208: [GC (Allocation Failure) 2020-10-25T11:43:36.341-0800: 0.208: [ParNew: 69840K->8704K(78656K), 0.0108745 secs] 69840K->25493K(253440K), 0.0111120 secs] [Times: user=0.03 sys=0.04, real=0.01 secs] 
2020-10-25T11:43:36.369-0800: 0.236: [GC (Allocation Failure) 2020-10-25T11:43:36.369-0800: 0.236: [ParNew: 78564K->8704K(78656K), 0.0114494 secs] 95354K->46952K(253440K), 0.0115552 secs] [Times: user=0.02 sys=0.04, real=0.02 secs] 
2020-10-25T11:43:36.397-0800: 0.264: [GC (Allocation Failure) 2020-10-25T11:43:36.397-0800: 0.264: [ParNew: 78156K->8694K(78656K), 0.0172953 secs] 116405K->72332K(253440K), 0.0174128 secs] [Times: user=0.08 sys=0.01, real=0.02 secs] 
2020-10-25T11:43:36.429-0800: 0.295: [GC (Allocation Failure) 2020-10-25T11:43:36.429-0800: 0.296: [ParNew: 78529K->8694K(78656K), 0.0186560 secs] 142167K->97209K(253440K), 0.0187816 secs] [Times: user=0.08 sys=0.01, real=0.02 secs] 
2020-10-25T11:43:36.448-0800: 0.315: [GC (CMS Initial Mark) [1 CMS-initial-mark: 88514K(174784K)] 99327K(253440K), 0.0002274 secs] [Times: user=0.00 sys=0.00, real=0.00 secs] 
2020-10-25T11:43:36.448-0800: 0.315: [CMS-concurrent-mark-start]
2020-10-25T11:43:36.449-0800: 0.316: [CMS-concurrent-mark: 0.001/0.001 secs] [Times: user=0.00 sys=0.00, real=0.00 secs] 
2020-10-25T11:43:36.449-0800: 0.316: [CMS-concurrent-preclean-start]
2020-10-25T11:43:36.449-0800: 0.316: [CMS-concurrent-preclean: 0.000/0.000 secs] [Times: user=0.00 sys=0.00, real=0.00 secs] 
2020-10-25T11:43:36.449-0800: 0.316: [CMS-concurrent-abortable-preclean-start]
2020-10-25T11:43:36.460-0800: 0.327: [GC (Allocation Failure) 2020-10-25T11:43:36.460-0800: 0.327: [ParNew: 78646K->8699K(78656K), 0.0196622 secs] 167161K->121582K(253440K), 0.0197933 secs] [Times: user=0.06 sys=0.01, real=0.01 secs] 
2020-10-25T11:43:36.499-0800: 0.366: [GC (Allocation Failure) 2020-10-25T11:43:36.499-0800: 0.366: [ParNew: 78531K->8702K(78656K), 0.0179733 secs] 191414K->145897K(253440K), 0.0180980 secs] [Times: user=0.03 sys=0.01, real=0.02 secs] 
2020-10-25T11:43:36.538-0800: 0.405: [GC (Allocation Failure) 2020-10-25T11:43:36.538-0800: 0.405: [ParNew: 78047K->8700K(78656K), 0.0160914 secs] 215242K->166729K(253440K), 0.0162533 secs] [Times: user=0.05 sys=0.01, real=0.02 secs] 
2020-10-25T11:43:36.572-0800: 0.439: [GC (Allocation Failure) 2020-10-25T11:43:36.572-0800: 0.439: [ParNew: 78652K->78652K(78656K), 0.0000357 secs]2020-10-25T11:43:36.572-0800: 0.439: [CMS2020-10-25T11:43:36.572-0800: 0.439: [CMS-concurrent-abortable-preclean: 0.004/0.123 secs] [Times: user=0.20 sys=0.03, real=0.13 secs] 
 (concurrent mode failure): 158028K->148269K(174784K), 0.0348529 secs] 236681K->148269K(253440K), [Metaspace: 2892K->2892K(1056768K)], 0.0350467 secs] [Times: user=0.04 sys=0.00, real=0.03 secs] 
2020-10-25T11:43:36.618-0800: 0.485: [GC (Allocation Failure) 2020-10-25T11:43:36.618-0800: 0.485: [ParNew: 69952K->8703K(78656K), 0.0110658 secs] 218221K->176790K(253440K), 0.0111870 secs] [Times: user=0.05 sys=0.01, real=0.01 secs] 
2020-10-25T11:43:36.629-0800: 0.496: [GC (CMS Initial Mark) [1 CMS-initial-mark: 168086K(174784K)] 177412K(253440K), 0.0001529 secs] [Times: user=0.00 sys=0.00, real=0.00 secs] 
2020-10-25T11:43:36.629-0800: 0.496: [CMS-concurrent-mark-start]
2020-10-25T11:43:36.630-0800: 0.497: [CMS-concurrent-mark: 0.001/0.001 secs] [Times: user=0.00 sys=0.00, real=0.01 secs] 
2020-10-25T11:43:36.630-0800: 0.497: [CMS-concurrent-preclean-start]
2020-10-25T11:43:36.631-0800: 0.497: [CMS-concurrent-preclean: 0.000/0.000 secs] [Times: user=0.00 sys=0.00, real=0.00 secs] 
2020-10-25T11:43:36.631-0800: 0.498: [CMS-concurrent-abortable-preclean-start]
2020-10-25T11:43:36.631-0800: 0.498: [CMS-concurrent-abortable-preclean: 0.000/0.000 secs] [Times: user=0.00 sys=0.00, real=0.00 secs] 
2020-10-25T11:43:36.631-0800: 0.498: [GC (CMS Final Remark) [YG occupancy: 16317 K (78656 K)]2020-10-25T11:43:36.631-0800: 0.498: [Rescan (parallel) , 0.0001434 secs]2020-10-25T11:43:36.631-0800: 0.498: [weak refs processing, 0.0000161 secs]2020-10-25T11:43:36.631-0800: 0.498: [class unloading, 0.0002339 secs]2020-10-25T11:43:36.631-0800: 0.498: [scrub symbol table, 0.0003303 secs]2020-10-25T11:43:36.632-0800: 0.498: [scrub string table, 0.0001870 secs][1 CMS-remark: 168086K(174784K)] 184403K(253440K), 0.0009859 secs] [Times: user=0.00 sys=0.00, real=0.00 secs] 
2020-10-25T11:43:36.632-0800: 0.499: [CMS-concurrent-sweep-start]
2020-10-25T11:43:36.632-0800: 0.499: [CMS-concurrent-sweep: 0.000/0.000 secs] [Times: user=0.00 sys=0.00, real=0.00 secs] 
2020-10-25T11:43:36.632-0800: 0.499: [CMS-concurrent-reset-start]
2020-10-25T11:43:36.632-0800: 0.499: [CMS-concurrent-reset: 0.000/0.000 secs] [Times: user=0.00 sys=0.00, real=0.00 secs] 
2020-10-25T11:43:36.642-0800: 0.509: [GC (Allocation Failure) 2020-10-25T11:43:36.642-0800: 0.509: [ParNew: 78644K->78644K(78656K), 0.0000276 secs]2020-10-25T11:43:36.642-0800: 0.509: [CMS: 158324K->174708K(174784K), 0.0357392 secs] 236969K->181498K(253440K), [Metaspace: 2892K->2892K(1056768K)], 0.0358968 secs] [Times: user=0.04 sys=0.00, real=0.03 secs] 
2020-10-25T11:43:36.678-0800: 0.545: [GC (CMS Initial Mark) [1 CMS-initial-mark: 174708K(174784K)] 183246K(253440K), 0.0001531 secs] [Times: user=0.00 sys=0.00, real=0.00 secs] 
2020-10-25T11:43:36.678-0800: 0.545: [CMS-concurrent-mark-start]
2020-10-25T11:43:36.679-0800: 0.546: [CMS-concurrent-mark: 0.001/0.001 secs] [Times: user=0.00 sys=0.00, real=0.00 secs] 
2020-10-25T11:43:36.679-0800: 0.546: [CMS-concurrent-preclean-start]
2020-10-25T11:43:36.681-0800: 0.548: [CMS-concurrent-preclean: 0.001/0.001 secs] [Times: user=0.00 sys=0.00, real=0.01 secs] 
2020-10-25T11:43:36.681-0800: 0.548: [CMS-concurrent-abortable-preclean-start]
2020-10-25T11:43:36.681-0800: 0.548: [CMS-concurrent-abortable-preclean: 0.000/0.000 secs] [Times: user=0.00 sys=0.00, real=0.00 secs] 
2020-10-25T11:43:36.681-0800: 0.548: [GC (CMS Final Remark) [YG occupancy: 18315 K (78656 K)]2020-10-25T11:43:36.681-0800: 0.548: [Rescan (parallel) , 0.0002085 secs]2020-10-25T11:43:36.681-0800: 0.548: [weak refs processing, 0.0000132 secs]2020-10-25T11:43:36.681-0800: 0.548: [class unloading, 0.0002665 secs]2020-10-25T11:43:36.681-0800: 0.548: [scrub symbol table, 0.0003497 secs]2020-10-25T11:43:36.682-0800: 0.549: [scrub string table, 0.0001877 secs][1 CMS-remark: 174708K(174784K)] 193024K(253440K), 0.0010916 secs] [Times: user=0.00 sys=0.00, real=0.00 secs] 
2020-10-25T11:43:36.682-0800: 0.549: [CMS-concurrent-sweep-start]
2020-10-25T11:43:36.682-0800: 0.549: [CMS-concurrent-sweep: 0.000/0.000 secs] [Times: user=0.01 sys=0.00, real=0.00 secs] 
2020-10-25T11:43:36.682-0800: 0.549: [CMS-concurrent-reset-start]
2020-10-25T11:43:36.683-0800: 0.549: [CMS-concurrent-reset: 0.000/0.000 secs] [Times: user=0.00 sys=0.00, real=0.00 secs] 
2020-10-25T11:43:36.696-0800: 0.563: [GC (Allocation Failure) 2020-10-25T11:43:36.696-0800: 0.563: [ParNew: 78567K->78567K(78656K), 0.0000243 secs]2020-10-25T11:43:36.696-0800: 0.563: [CMS: 174525K->174708K(174784K), 0.0368630 secs] 253093K->192317K(253440K), [Metaspace: 2892K->2892K(1056768K)], 0.0370368 secs] [Times: user=0.04 sys=0.00, real=0.04 secs] 
2020-10-25T11:43:36.734-0800: 0.601: [GC (CMS Initial Mark) [1 CMS-initial-mark: 174708K(174784K)] 193829K(253440K), 0.0002132 secs] [Times: user=0.00 sys=0.00, real=0.00 secs] 
2020-10-25T11:43:36.734-0800: 0.601: [CMS-concurrent-mark-start]
2020-10-25T11:43:36.735-0800: 0.602: [CMS-concurrent-mark: 0.001/0.001 secs] [Times: user=0.00 sys=0.00, real=0.00 secs] 
2020-10-25T11:43:36.735-0800: 0.602: [CMS-concurrent-preclean-start]
2020-10-25T11:43:36.737-0800: 0.604: [CMS-concurrent-preclean: 0.002/0.002 secs] [Times: user=0.00 sys=0.00, real=0.00 secs] 
2020-10-25T11:43:36.737-0800: 0.604: [CMS-concurrent-abortable-preclean-start]
2020-10-25T11:43:36.737-0800: 0.604: [CMS-concurrent-abortable-preclean: 0.000/0.000 secs] [Times: user=0.00 sys=0.00, real=0.00 secs] 
2020-10-25T11:43:36.737-0800: 0.604: [GC (CMS Final Remark) [YG occupancy: 26890 K (78656 K)]2020-10-25T11:43:36.737-0800: 0.604: [Rescan (parallel) , 0.0010867 secs]2020-10-25T11:43:36.738-0800: 0.605: [weak refs processing, 0.0000210 secs]2020-10-25T11:43:36.738-0800: 0.605: [class unloading, 0.0003570 secs]2020-10-25T11:43:36.738-0800: 0.605: [scrub symbol table, 0.0020847 secs]2020-10-25T11:43:36.741-0800: 0.607: [scrub string table, 0.0001955 secs][1 CMS-remark: 174708K(174784K)] 201599K(253440K), 0.0038926 secs] [Times: user=0.01 sys=0.00, real=0.01 secs] 
2020-10-25T11:43:36.741-0800: 0.608: [CMS-concurrent-sweep-start]
2020-10-25T11:43:36.741-0800: 0.608: [CMS-concurrent-sweep: 0.000/0.000 secs] [Times: user=0.00 sys=0.00, real=0.00 secs] 
2020-10-25T11:43:36.741-0800: 0.608: [CMS-concurrent-reset-start]
2020-10-25T11:43:36.741-0800: 0.608: [CMS-concurrent-reset: 0.000/0.000 secs] [Times: user=0.00 sys=0.00, real=0.00 secs] 
2020-10-25T11:43:36.750-0800: 0.617: [GC (Allocation Failure) 2020-10-25T11:43:36.750-0800: 0.617: [ParNew: 78581K->78581K(78656K), 0.0000216 secs]2020-10-25T11:43:36.750-0800: 0.617: [CMS: 174708K->174676K(174784K), 0.0519096 secs] 253290K->202779K(253440K), [Metaspace: 2892K->2892K(1056768K)], 0.0520407 secs] [Times: user=0.04 sys=0.00, real=0.05 secs] 
2020-10-25T11:43:36.802-0800: 0.669: [GC (CMS Initial Mark) [1 CMS-initial-mark: 174676K(174784K)] 202923K(253440K), 0.0001601 secs] [Times: user=0.00 sys=0.00, real=0.00 secs] 
2020-10-25T11:43:36.803-0800: 0.670: [CMS-concurrent-mark-start]
2020-10-25T11:43:36.804-0800: 0.671: [CMS-concurrent-mark: 0.001/0.001 secs] [Times: user=0.01 sys=0.00, real=0.00 secs] 
2020-10-25T11:43:36.804-0800: 0.671: [CMS-concurrent-preclean-start]
2020-10-25T11:43:36.805-0800: 0.672: [CMS-concurrent-preclean: 0.001/0.001 secs] [Times: user=0.00 sys=0.00, real=0.00 secs] 
2020-10-25T11:43:36.805-0800: 0.672: [CMS-concurrent-abortable-preclean-start]
2020-10-25T11:43:36.805-0800: 0.672: [CMS-concurrent-abortable-preclean: 0.000/0.000 secs] [Times: user=0.00 sys=0.00, real=0.00 secs] 
2020-10-25T11:43:36.806-0800: 0.672: [GC (CMS Final Remark) [YG occupancy: 42896 K (78656 K)]2020-10-25T11:43:36.806-0800: 0.672: [Rescan (parallel) , 0.0005895 secs]2020-10-25T11:43:36.806-0800: 0.673: [weak refs processing, 0.0000207 secs]2020-10-25T11:43:36.806-0800: 0.673: [class unloading, 0.0003425 secs]2020-10-25T11:43:36.807-0800: 0.673: [scrub symbol table, 0.0005081 secs]2020-10-25T11:43:36.807-0800: 0.674: [scrub string table, 0.0001918 secs][1 CMS-remark: 174676K(174784K)] 217573K(253440K), 0.0017518 secs] [Times: user=0.00 sys=0.00, real=0.00 secs] 
2020-10-25T11:43:36.807-0800: 0.674: [CMS-concurrent-sweep-start]
2020-10-25T11:43:36.808-0800: 0.675: [CMS-concurrent-sweep: 0.000/0.000 secs] [Times: user=0.00 sys=0.00, real=0.00 secs] 
2020-10-25T11:43:36.808-0800: 0.675: [CMS-concurrent-reset-start]
2020-10-25T11:43:36.808-0800: 0.675: [CMS-concurrent-reset: 0.000/0.000 secs] [Times: user=0.00 sys=0.00, real=0.00 secs] 
2020-10-25T11:43:36.815-0800: 0.682: [GC (Allocation Failure) 2020-10-25T11:43:36.815-0800: 0.682: [ParNew: 78613K->78613K(78656K), 0.0000198 secs]2020-10-25T11:43:36.815-0800: 0.682: [CMS: 174676K->174445K(174784K), 0.0354538 secs] 253289K->212903K(253440K), [Metaspace: 2892K->2892K(1056768K)], 0.0355755 secs] [Times: user=0.03 sys=0.00, real=0.04 secs] 
2020-10-25T11:43:36.850-0800: 0.717: [GC (CMS Initial Mark) [1 CMS-initial-mark: 174445K(174784K)] 213079K(253440K), 0.0001544 secs] [Times: user=0.00 sys=0.00, real=0.00 secs] 
2020-10-25T11:43:36.851-0800: 0.717: [CMS-concurrent-mark-start]
2020-10-25T11:43:36.851-0800: 0.718: [CMS-concurrent-mark: 0.001/0.001 secs] [Times: user=0.01 sys=0.00, real=0.00 secs] 
2020-10-25T11:43:36.851-0800: 0.718: [CMS-concurrent-preclean-start]
2020-10-25T11:43:36.852-0800: 0.719: [CMS-concurrent-preclean: 0.001/0.001 secs] [Times: user=0.00 sys=0.00, real=0.00 secs] 
2020-10-25T11:43:36.853-0800: 0.719: [CMS-concurrent-abortable-preclean-start]
2020-10-25T11:43:36.853-0800: 0.719: [CMS-concurrent-abortable-preclean: 0.000/0.000 secs] [Times: user=0.00 sys=0.00, real=0.00 secs] 
2020-10-25T11:43:36.853-0800: 0.720: [GC (CMS Final Remark) [YG occupancy: 51941 K (78656 K)]2020-10-25T11:43:36.853-0800: 0.720: [Rescan (parallel) , 0.0011381 secs]2020-10-25T11:43:36.854-0800: 0.721: [weak refs processing, 0.0000246 secs]2020-10-25T11:43:36.854-0800: 0.721: [class unloading, 0.0003872 secs]2020-10-25T11:43:36.854-0800: 0.721: [scrub symbol table, 0.0006069 secs]2020-10-25T11:43:36.855-0800: 0.722: [scrub string table, 0.0005049 secs][1 CMS-remark: 174445K(174784K)] 226386K(253440K), 0.0028115 secs] [Times: user=0.00 sys=0.00, real=0.00 secs] 
2020-10-25T11:43:36.856-0800: 0.722: [CMS-concurrent-sweep-start]
2020-10-25T11:43:36.857-0800: 0.723: [CMS-concurrent-sweep: 0.001/0.001 secs] [Times: user=0.00 sys=0.00, real=0.00 secs] 
2020-10-25T11:43:36.857-0800: 0.723: [CMS-concurrent-reset-start]
2020-10-25T11:43:36.857-0800: 0.724: [CMS-concurrent-reset: 0.000/0.000 secs] [Times: user=0.00 sys=0.00, real=0.00 secs] 
2020-10-25T11:43:36.862-0800: 0.729: [GC (Allocation Failure) 2020-10-25T11:43:36.862-0800: 0.729: [ParNew: 78538K->78538K(78656K), 0.0000194 secs]2020-10-25T11:43:36.862-0800: 0.729: [CMS: 174344K->174136K(174784K), 0.0549625 secs] 252882K->216916K(253440K), [Metaspace: 2892K->2892K(1056768K)], 0.0551055 secs] [Times: user=0.04 sys=0.00, real=0.05 secs] 
2020-10-25T11:43:36.917-0800: 0.784: [GC (CMS Initial Mark) [1 CMS-initial-mark: 174136K(174784K)] 217038K(253440K), 0.0002016 secs] [Times: user=0.00 sys=0.00, real=0.00 secs] 
2020-10-25T11:43:36.917-0800: 0.784: [CMS-concurrent-mark-start]
2020-10-25T11:43:36.918-0800: 0.785: [CMS-concurrent-mark: 0.001/0.001 secs] [Times: user=0.00 sys=0.00, real=0.00 secs] 
2020-10-25T11:43:36.919-0800: 0.785: [CMS-concurrent-preclean-start]
2020-10-25T11:43:36.920-0800: 0.787: [CMS-concurrent-preclean: 0.001/0.001 secs] [Times: user=0.00 sys=0.00, real=0.01 secs] 
2020-10-25T11:43:36.920-0800: 0.787: [CMS-concurrent-abortable-preclean-start]
2020-10-25T11:43:36.920-0800: 0.787: [CMS-concurrent-abortable-preclean: 0.000/0.000 secs] [Times: user=0.00 sys=0.00, real=0.00 secs] 
2020-10-25T11:43:36.920-0800: 0.787: [GC (CMS Final Remark) [YG occupancy: 54865 K (78656 K)]2020-10-25T11:43:36.920-0800: 0.787: [Rescan (parallel) , 0.0009490 secs]2020-10-25T11:43:36.921-0800: 0.788: [weak refs processing, 0.0000217 secs]2020-10-25T11:43:36.921-0800: 0.788: [class unloading, 0.0002982 secs]2020-10-25T11:43:36.921-0800: 0.788: [scrub symbol table, 0.0004892 secs]2020-10-25T11:43:36.922-0800: 0.789: [scrub string table, 0.0001766 secs][1 CMS-remark: 174136K(174784K)] 229001K(253440K), 0.0020310 secs] [Times: user=0.01 sys=0.00, real=0.00 secs] 
2020-10-25T11:43:36.922-0800: 0.789: [CMS-concurrent-sweep-start]
2020-10-25T11:43:36.922-0800: 0.789: [CMS-concurrent-sweep: 0.000/0.000 secs] [Times: user=0.00 sys=0.00, real=0.00 secs] 
2020-10-25T11:43:36.922-0800: 0.789: [CMS-concurrent-reset-start]
2020-10-25T11:43:36.923-0800: 0.789: [CMS-concurrent-reset: 0.000/0.000 secs] [Times: user=0.00 sys=0.00, real=0.00 secs] 
2020-10-25T11:43:36.927-0800: 0.794: [GC (Allocation Failure) 2020-10-25T11:43:36.927-0800: 0.794: [ParNew: 78647K->78647K(78656K), 0.0000369 secs]2020-10-25T11:43:36.927-0800: 0.794: [CMS: 174126K->174293K(174784K), 0.0379913 secs] 252774K->221453K(253440K), [Metaspace: 2892K->2892K(1056768K)], 0.0381679 secs] [Times: user=0.04 sys=0.00, real=0.04 secs] 
2020-10-25T11:43:36.965-0800: 0.832: [GC (CMS Initial Mark) [1 CMS-initial-mark: 174293K(174784K)] 221527K(253440K), 0.0001947 secs] [Times: user=0.00 sys=0.00, real=0.00 secs] 
2020-10-25T11:43:36.965-0800: 0.832: [CMS-concurrent-mark-start]
2020-10-25T11:43:36.966-0800: 0.833: [CMS-concurrent-mark: 0.001/0.001 secs] [Times: user=0.00 sys=0.00, real=0.00 secs] 
2020-10-25T11:43:36.966-0800: 0.833: [CMS-concurrent-preclean-start]
2020-10-25T11:43:36.967-0800: 0.834: [CMS-concurrent-preclean: 0.001/0.001 secs] [Times: user=0.01 sys=0.00, real=0.00 secs] 
2020-10-25T11:43:36.967-0800: 0.834: [CMS-concurrent-abortable-preclean-start]
2020-10-25T11:43:36.967-0800: 0.834: [CMS-concurrent-abortable-preclean: 0.000/0.000 secs] [Times: user=0.00 sys=0.00, real=0.00 secs] 
2020-10-25T11:43:36.967-0800: 0.834: [GC (CMS Final Remark) [YG occupancy: 56946 K (78656 K)]2020-10-25T11:43:36.967-0800: 0.834: [Rescan (parallel) , 0.0006547 secs]2020-10-25T11:43:36.968-0800: 0.835: [weak refs processing, 0.0000150 secs]2020-10-25T11:43:36.968-0800: 0.835: [class unloading, 0.0004277 secs]2020-10-25T11:43:36.968-0800: 0.835: [scrub symbol table, 0.0008426 secs]2020-10-25T11:43:36.969-0800: 0.836: [scrub string table, 0.0002014 secs][1 CMS-remark: 174293K(174784K)] 231240K(253440K), 0.0022590 secs] [Times: user=0.00 sys=0.00, real=0.00 secs] 
2020-10-25T11:43:36.970-0800: 0.836: [CMS-concurrent-sweep-start]
2020-10-25T11:43:36.970-0800: 0.837: [CMS-concurrent-sweep: 0.000/0.000 secs] [Times: user=0.00 sys=0.00, real=0.00 secs] 
2020-10-25T11:43:36.970-0800: 0.837: [CMS-concurrent-reset-start]
2020-10-25T11:43:36.970-0800: 0.837: [CMS-concurrent-reset: 0.000/0.000 secs] [Times: user=0.00 sys=0.00, real=0.00 secs] 
2020-10-25T11:43:36.973-0800: 0.840: [GC (Allocation Failure) 2020-10-25T11:43:36.973-0800: 0.840: [ParNew: 78613K->78613K(78656K), 0.0000197 secs]2020-10-25T11:43:36.973-0800: 0.840: [CMS: 174293K->174780K(174784K), 0.0500933 secs] 252906K->224430K(253440K), [Metaspace: 2892K->2892K(1056768K)], 0.0502241 secs] [Times: user=0.03 sys=0.00, real=0.05 secs] 
2020-10-25T11:43:37.024-0800: 0.890: [GC (CMS Initial Mark) [1 CMS-initial-mark: 174780K(174784K)] 224721K(253440K), 0.0002902 secs] [Times: user=0.00 sys=0.00, real=0.00 secs] 
2020-10-25T11:43:37.024-0800: 0.891: [CMS-concurrent-mark-start]
2020-10-25T11:43:37.025-0800: 0.892: [CMS-concurrent-mark: 0.001/0.001 secs] [Times: user=0.01 sys=0.00, real=0.00 secs] 
2020-10-25T11:43:37.025-0800: 0.892: [CMS-concurrent-preclean-start]
2020-10-25T11:43:37.026-0800: 0.893: [CMS-concurrent-preclean: 0.001/0.001 secs] [Times: user=0.00 sys=0.00, real=0.00 secs] 
2020-10-25T11:43:37.026-0800: 0.893: [CMS-concurrent-abortable-preclean-start]
2020-10-25T11:43:37.026-0800: 0.893: [CMS-concurrent-abortable-preclean: 0.000/0.000 secs] [Times: user=0.00 sys=0.00, real=0.00 secs] 
2020-10-25T11:43:37.027-0800: 0.894: [GC (CMS Final Remark) [YG occupancy: 60857 K (78656 K)]2020-10-25T11:43:37.027-0800: 0.894: [Rescan (parallel) , 0.0009589 secs]2020-10-25T11:43:37.028-0800: 0.895: [weak refs processing, 0.0000191 secs]2020-10-25T11:43:37.028-0800: 0.895: [class unloading, 0.0003813 secs]2020-10-25T11:43:37.028-0800: 0.895: [scrub symbol table, 0.0005288 secs]2020-10-25T11:43:37.029-0800: 0.896: [scrub string table, 0.0001963 secs][1 CMS-remark: 174780K(174784K)] 235638K(253440K), 0.0022191 secs] [Times: user=0.00 sys=0.00, real=0.00 secs] 
2020-10-25T11:43:37.029-0800: 0.896: [CMS-concurrent-sweep-start]
2020-10-25T11:43:37.029-0800: 0.896: [CMS-concurrent-sweep: 0.000/0.000 secs] [Times: user=0.01 sys=0.00, real=0.00 secs] 
2020-10-25T11:43:37.029-0800: 0.896: [CMS-concurrent-reset-start]
2020-10-25T11:43:37.029-0800: 0.896: [CMS-concurrent-reset: 0.000/0.000 secs] [Times: user=0.00 sys=0.00, real=0.00 secs] 
2020-10-25T11:43:37.033-0800: 0.900: [GC (Allocation Failure) 2020-10-25T11:43:37.033-0800: 0.900: [ParNew: 78538K->78538K(78656K), 0.0000193 secs]2020-10-25T11:43:37.033-0800: 0.900: [CMS: 174780K->174720K(174784K), 0.0459337 secs] 253319K->231373K(253440K), [Metaspace: 2892K->2892K(1056768K)], 0.0460726 secs] [Times: user=0.04 sys=0.00, real=0.04 secs] 
2020-10-25T11:43:37.079-0800: 0.946: [GC (CMS Initial Mark) [1 CMS-initial-mark: 174720K(174784K)] 231706K(253440K), 0.0003420 secs] [Times: user=0.00 sys=0.00, real=0.00 secs] 
2020-10-25T11:43:37.079-0800: 0.946: [CMS-concurrent-mark-start]
2020-10-25T11:43:37.081-0800: 0.948: [CMS-concurrent-mark: 0.001/0.001 secs] [Times: user=0.01 sys=0.00, real=0.01 secs] 
2020-10-25T11:43:37.081-0800: 0.948: [CMS-concurrent-preclean-start]
2020-10-25T11:43:37.082-0800: 0.949: [CMS-concurrent-preclean: 0.001/0.001 secs] [Times: user=0.00 sys=0.00, real=0.00 secs] 
2020-10-25T11:43:37.082-0800: 0.949: [CMS-concurrent-abortable-preclean-start]
2020-10-25T11:43:37.082-0800: 0.949: [CMS-concurrent-abortable-preclean: 0.000/0.000 secs] [Times: user=0.00 sys=0.00, real=0.00 secs] 
2020-10-25T11:43:37.082-0800: 0.949: [GC (CMS Final Remark) [YG occupancy: 68416 K (78656 K)]2020-10-25T11:43:37.082-0800: 0.949: [Rescan (parallel) , 0.0009676 secs]2020-10-25T11:43:37.083-0800: 0.950: [weak refs processing, 0.0000214 secs]2020-10-25T11:43:37.083-0800: 0.950: [class unloading, 0.0003552 secs]2020-10-25T11:43:37.084-0800: 0.951: [scrub symbol table, 0.0005338 secs]2020-10-25T11:43:37.084-0800: 0.951: [scrub string table, 0.0001976 secs][1 CMS-remark: 174720K(174784K)] 243137K(253440K), 0.0021794 secs] [Times: user=0.00 sys=0.00, real=0.00 secs] 
2020-10-25T11:43:37.085-0800: 0.951: [CMS-concurrent-sweep-start]
2020-10-25T11:43:37.085-0800: 0.952: [CMS-concurrent-sweep: 0.000/0.000 secs] [Times: user=0.00 sys=0.00, real=0.00 secs] 
2020-10-25T11:43:37.085-0800: 0.952: [CMS-concurrent-reset-start]
2020-10-25T11:43:37.085-0800: 0.952: [CMS-concurrent-reset: 0.000/0.000 secs] [Times: user=0.01 sys=0.00, real=0.00 secs] 
2020-10-25T11:43:37.087-0800: 0.954: [GC (Allocation Failure) 2020-10-25T11:43:37.087-0800: 0.954: [ParNew: 78629K->78629K(78656K), 0.0000693 secs]2020-10-25T11:43:37.087-0800: 0.954: [CMS: 174720K->174487K(174784K), 0.0501132 secs] 253350K->231250K(253440K), [Metaspace: 2892K->2892K(1056768K)], 0.0502972 secs] [Times: user=0.04 sys=0.00, real=0.05 secs] 
2020-10-25T11:43:37.137-0800: 1.004: [GC (CMS Initial Mark) [1 CMS-initial-mark: 174487K(174784K)] 231394K(253440K), 0.0002371 secs] [Times: user=0.00 sys=0.00, real=0.00 secs] 
2020-10-25T11:43:37.137-0800: 1.004: [CMS-concurrent-mark-start]
2020-10-25T11:43:37.139-0800: 1.005: [CMS-concurrent-mark: 0.001/0.001 secs] [Times: user=0.01 sys=0.00, real=0.00 secs] 
2020-10-25T11:43:37.139-0800: 1.005: [CMS-concurrent-preclean-start]
2020-10-25T11:43:37.140-0800: 1.007: [CMS-concurrent-preclean: 0.001/0.001 secs] [Times: user=0.00 sys=0.00, real=0.01 secs] 
2020-10-25T11:43:37.140-0800: 1.007: [CMS-concurrent-abortable-preclean-start]
2020-10-25T11:43:37.140-0800: 1.007: [CMS-concurrent-abortable-preclean: 0.000/0.000 secs] [Times: user=0.00 sys=0.00, real=0.00 secs] 
2020-10-25T11:43:37.140-0800: 1.007: [GC (CMS Final Remark) [YG occupancy: 68563 K (78656 K)]2020-10-25T11:43:37.140-0800: 1.007: [Rescan (parallel) , 0.0009624 secs]2020-10-25T11:43:37.141-0800: 1.008: [weak refs processing, 0.0000329 secs]2020-10-25T11:43:37.141-0800: 1.008: [class unloading, 0.0008094 secs]2020-10-25T11:43:37.142-0800: 1.009: [scrub symbol table, 0.0007820 secs]2020-10-25T11:43:37.143-0800: 1.010: [scrub string table, 0.0002729 secs][1 CMS-remark: 174487K(174784K)] 243050K(253440K), 0.0030354 secs] [Times: user=0.00 sys=0.00, real=0.00 secs] 
2020-10-25T11:43:37.143-0800: 1.010: [CMS-concurrent-sweep-start]
2020-10-25T11:43:37.144-0800: 1.011: [CMS-concurrent-sweep: 0.001/0.001 secs] [Times: user=0.01 sys=0.00, real=0.00 secs] 
2020-10-25T11:43:37.144-0800: 1.011: [CMS-concurrent-reset-start]
2020-10-25T11:43:37.144-0800: 1.011: [CMS-concurrent-reset: 0.000/0.000 secs] [Times: user=0.00 sys=0.00, real=0.00 secs] 
2020-10-25T11:43:37.146-0800: 1.013: [GC (Allocation Failure) 2020-10-25T11:43:37.146-0800: 1.013: [ParNew: 78525K->78525K(78656K), 0.0000206 secs]2020-10-25T11:43:37.146-0800: 1.013: [CMS: 173570K->174745K(174784K), 0.0674692 secs] 252095K->232764K(253440K), [Metaspace: 2892K->2892K(1056768K)], 0.0676004 secs] [Times: user=0.05 sys=0.00, real=0.07 secs] 
2020-10-25T11:43:37.214-0800: 1.081: [GC (CMS Initial Mark) [1 CMS-initial-mark: 174745K(174784K)] 233052K(253440K), 0.0002756 secs] [Times: user=0.00 sys=0.00, real=0.00 secs] 
2020-10-25T11:43:37.214-0800: 1.081: [CMS-concurrent-mark-start]
2020-10-25T11:43:37.216-0800: 1.082: [CMS-concurrent-mark: 0.001/0.001 secs] [Times: user=0.01 sys=0.00, real=0.00 secs] 
2020-10-25T11:43:37.216-0800: 1.082: [CMS-concurrent-preclean-start]
2020-10-25T11:43:37.217-0800: 1.084: [CMS-concurrent-preclean: 0.001/0.001 secs] [Times: user=0.00 sys=0.00, real=0.00 secs] 
2020-10-25T11:43:37.217-0800: 1.084: [CMS-concurrent-abortable-preclean-start]
2020-10-25T11:43:37.217-0800: 1.084: [CMS-concurrent-abortable-preclean: 0.000/0.000 secs] [Times: user=0.00 sys=0.00, real=0.00 secs] 
2020-10-25T11:43:37.217-0800: 1.084: [GC (CMS Final Remark) [YG occupancy: 68585 K (78656 K)]2020-10-25T11:43:37.217-0800: 1.084: [Rescan (parallel) , 0.0010656 secs]2020-10-25T11:43:37.218-0800: 1.085: [weak refs processing, 0.0000350 secs]2020-10-25T11:43:37.218-0800: 1.085: [class unloading, 0.0004432 secs]2020-10-25T11:43:37.219-0800: 1.086: [scrub symbol table, 0.0005939 secs]2020-10-25T11:43:37.220-0800: 1.086: [scrub string table, 0.0002468 secs][1 CMS-remark: 174745K(174784K)] 243331K(253440K), 0.0029464 secs] [Times: user=0.01 sys=0.00, real=0.01 secs] 
2020-10-25T11:43:37.221-0800: 1.088: [CMS-concurrent-sweep-start]
2020-10-25T11:43:37.222-0800: 1.089: [CMS-concurrent-sweep: 0.001/0.001 secs] [Times: user=0.00 sys=0.00, real=0.00 secs] 
2020-10-25T11:43:37.222-0800: 1.089: [CMS-concurrent-reset-start]
2020-10-25T11:43:37.222-0800: 1.089: [CMS-concurrent-reset: 0.000/0.000 secs] [Times: user=0.00 sys=0.00, real=0.00 secs] 
2020-10-25T11:43:37.224-0800: 1.091: [GC (Allocation Failure) 2020-10-25T11:43:37.224-0800: 1.091: [ParNew: 78639K->78639K(78656K), 0.0000558 secs]2020-10-25T11:43:37.225-0800: 1.091: [CMS: 174434K->174623K(174784K), 0.0655122 secs] 253074K->234372K(253440K), [Metaspace: 2892K->2892K(1056768K)], 0.0658995 secs] [Times: user=0.05 sys=0.01, real=0.07 secs] 
2020-10-25T11:43:37.291-0800: 1.157: [GC (CMS Initial Mark) [1 CMS-initial-mark: 174623K(174784K)] 234610K(253440K), 0.0002967 secs] [Times: user=0.00 sys=0.00, real=0.00 secs] 
2020-10-25T11:43:37.291-0800: 1.158: [CMS-concurrent-mark-start]
2020-10-25T11:43:37.292-0800: 1.159: [CMS-concurrent-mark: 0.001/0.001 secs] [Times: user=0.01 sys=0.00, real=0.00 secs] 
2020-10-25T11:43:37.292-0800: 1.159: [CMS-concurrent-preclean-start]
Heap
 par new generation   total 78656K, used 61898K [0x00000007b0000000, 0x00000007b5550000, 0x00000007b5550000)
  eden space 69952K,  88% used [0x00000007b0000000, 0x00000007b3c72b68, 0x00000007b4450000)
  from space 8704K,   0% used [0x00000007b4450000, 0x00000007b4450000, 0x00000007b4cd0000)
  to   space 8704K,   0% used [0x00000007b4cd0000, 0x00000007b4cd0000, 0x00000007b5550000)
 concurrent mark-sweep generation total 174784K, used 174623K [0x00000007b5550000, 0x00000007c0000000, 0x00000007c0000000)
 Metaspace       used 2899K, capacity 4486K, committed 4864K, reserved 1056768K
  class space    used 309K, capacity 386K, committed 512K, reserved 1048576K
2020-10-25T11:43:37.294-0800: 1.160: [CMS-concurrent-preclean: 0.001/0.001 secs] [Times: user=0.00 sys=0.00, real=0.00 secs] 
2020-10-25T11:43:37.294-0800: 1.161: [CMS-concurrent-abortable-preclean-start]
2020-10-25T11:43:37.294-0800: 1.161: [CMS-concurrent-abortable-preclean: 0.000/0.000 secs] [Times: user=0.00 sys=0.00, real=0.00 secs] 
