OpenJDK 64-Bit Server VM (25.265-b11) for bsd-amd64 JRE (Zulu 8.48.0.53-CA-macosx) (1.8.0_265-b11), built on Jul 28 2020 03:07:54 by "zulu_re" with gcc 4.2.1 (Based on Apple Inc. build 5658) (LLVM build 2336.11.00)
Memory: 4k page, physical 16777216k(1301272k free)

/proc/meminfo:

CommandLine flags: -XX:InitialHeapSize=1073741824 -XX:MaxHeapSize=1073741824 -XX:+PrintGC -XX:+PrintGCDateStamps -XX:+PrintGCTimeStamps -XX:+UseCompressedClassPointers -XX:+UseCompressedOops -XX:+UseG1GC 
2020-10-28T17:54:05.294-0800: 0.149: [GC pause (G1 Evacuation Pause) (young) 63469K->24698K(1024M), 0.0064785 secs]
2020-10-28T17:54:05.311-0800: 0.167: [GC pause (G1 Evacuation Pause) (young) 80645K->44938K(1024M), 0.0073369 secs]
2020-10-28T17:54:05.325-0800: 0.181: [GC pause (G1 Evacuation Pause) (young) 97124K->65644K(1024M), 0.0086258 secs]
2020-10-28T17:54:05.352-0800: 0.208: [GC pause (G1 Evacuation Pause) (young) 139M->92579K(1024M), 0.0095223 secs]
2020-10-28T17:54:05.391-0800: 0.246: [GC pause (G1 Evacuation Pause) (young) 204M->132M(1024M), 0.0156811 secs]
2020-10-28T17:54:05.426-0800: 0.281: [GC pause (G1 Evacuation Pause) (young) 252M->168M(1024M), 0.0131845 secs]
2020-10-28T17:54:05.479-0800: 0.335: [GC pause (G1 Evacuation Pause) (young) 340M->221M(1024M), 0.0163532 secs]
2020-10-28T17:54:05.530-0800: 0.386: [GC pause (G1 Evacuation Pause) (young) 411M->276M(1024M), 0.0211672 secs]
2020-10-28T17:54:05.585-0800: 0.441: [GC pause (G1 Evacuation Pause) (young) 483M->330M(1024M), 0.0225139 secs]
2020-10-28T17:54:05.728-0800: 0.584: [GC pause (G1 Humongous Allocation) (young) (initial-mark) 684M->420M(1024M), 0.0617250 secs]
2020-10-28T17:54:05.790-0800: 0.646: [GC concurrent-root-region-scan-start]
2020-10-28T17:54:05.791-0800: 0.646: [GC concurrent-root-region-scan-end, 0.0003077 secs]
2020-10-28T17:54:05.791-0800: 0.646: [GC concurrent-mark-start]
2020-10-28T17:54:05.795-0800: 0.651: [GC concurrent-mark-end, 0.0042870 secs]
2020-10-28T17:54:05.795-0800: 0.651: [GC remark, 0.0013933 secs]
2020-10-28T17:54:05.797-0800: 0.652: [GC cleanup 443M->433M(1024M), 0.0007220 secs]
2020-10-28T17:54:05.797-0800: 0.653: [GC concurrent-cleanup-start]
2020-10-28T17:54:05.797-0800: 0.653: [GC concurrent-cleanup-end, 0.0000180 secs]
2020-10-28T17:54:05.857-0800: 0.712: [GC pause (G1 Evacuation Pause) (young) 643M->452M(1024M), 0.0292518 secs]
2020-10-28T17:54:05.890-0800: 0.746: [GC pause (G1 Evacuation Pause) (mixed) 476M->383M(1024M), 0.0084810 secs]
2020-10-28T17:54:05.944-0800: 0.800: [GC pause (G1 Humongous Allocation) (young) (initial-mark) 543M->419M(1024M), 0.0074993 secs]
2020-10-28T17:54:05.952-0800: 0.807: [GC concurrent-root-region-scan-start]
2020-10-28T17:54:05.952-0800: 0.807: [GC concurrent-root-region-scan-end, 0.0001071 secs]
2020-10-28T17:54:05.952-0800: 0.807: [GC concurrent-mark-start]
2020-10-28T17:54:05.954-0800: 0.810: [GC concurrent-mark-end, 0.0023731 secs]
2020-10-28T17:54:05.954-0800: 0.810: [GC remark, 0.0013604 secs]
2020-10-28T17:54:05.956-0800: 0.811: [GC cleanup 429M->422M(1024M), 0.0009311 secs]
2020-10-28T17:54:05.957-0800: 0.812: [GC concurrent-cleanup-start]
2020-10-28T17:54:05.957-0800: 0.812: [GC concurrent-cleanup-end, 0.0000206 secs]
2020-10-28T17:54:06.095-0800: 0.950: [GC pause (G1 Evacuation Pause) (young)-- 875M->679M(1024M), 0.0277803 secs]
2020-10-28T17:54:06.124-0800: 0.980: [GC pause (G1 Evacuation Pause) (mixed) 687M->617M(1024M), 0.0112277 secs]
2020-10-28T17:54:06.136-0800: 0.992: [GC pause (G1 Humongous Allocation) (young) (initial-mark) 619M->617M(1024M), 0.0038109 secs]
2020-10-28T17:54:06.140-0800: 0.996: [GC concurrent-root-region-scan-start]
2020-10-28T17:54:06.140-0800: 0.996: [GC concurrent-root-region-scan-end, 0.0001199 secs]
2020-10-28T17:54:06.140-0800: 0.996: [GC concurrent-mark-start]
2020-10-28T17:54:06.143-0800: 0.999: [GC concurrent-mark-end, 0.0031838 secs]
2020-10-28T17:54:06.144-0800: 1.000: [GC remark, 0.0041938 secs]
2020-10-28T17:54:06.149-0800: 1.004: [GC cleanup 631M->628M(1024M), 0.0016504 secs]
2020-10-28T17:54:06.150-0800: 1.006: [GC concurrent-cleanup-start]
2020-10-28T17:54:06.150-0800: 1.006: [GC concurrent-cleanup-end, 0.0000174 secs]
2020-10-28T17:54:06.200-0800: 1.056: [GC pause (G1 Evacuation Pause) (young) 850M->676M(1024M), 0.0147946 secs]
2020-10-28T17:54:06.220-0800: 1.076: [GC pause (G1 Evacuation Pause) (mixed) 704M->588M(1024M), 0.0059661 secs]
2020-10-28T17:54:06.235-0800: 1.091: [GC pause (G1 Evacuation Pause) (mixed) 643M->517M(1024M), 0.0131340 secs]
