OpenJDK 64-Bit Server VM (25.265-b11) for bsd-amd64 JRE (Zulu 8.48.0.53-CA-macosx) (1.8.0_265-b11), built on Jul 28 2020 03:07:54 by "zulu_re" with gcc 4.2.1 (Based on Apple Inc. build 5658) (LLVM build 2336.11.00)
Memory: 4k page, physical 16777216k(914512k free)

/proc/meminfo:

CommandLine flags: -XX:InitialHeapSize=268435456 -XX:MaxHeapSize=268435456 -XX:+PrintGC -XX:+PrintGCDateStamps -XX:+PrintGCTimeStamps -XX:+UseCompressedClassPointers -XX:+UseCompressedOops -XX:+UseG1GC 
2020-10-28T17:54:42.925-0800: 0.116: [GC pause (G1 Evacuation Pause) (young) 29006K->6058K(256M), 0.0046374 secs]
2020-10-28T17:54:42.948-0800: 0.139: [GC pause (G1 Evacuation Pause) (young) 47338K->19485K(256M), 0.0040738 secs]
2020-10-28T17:54:42.970-0800: 0.161: [GC pause (G1 Evacuation Pause) (young) 83227K->42241K(256M), 0.0070674 secs]
2020-10-28T17:54:42.995-0800: 0.186: [GC pause (G1 Evacuation Pause) (young) 117M->65453K(256M), 0.0081685 secs]
2020-10-28T17:54:43.048-0800: 0.239: [GC pause (G1 Humongous Allocation) (young) (initial-mark)-- 202M->181M(256M), 0.0095300 secs]
2020-10-28T17:54:43.058-0800: 0.249: [GC concurrent-root-region-scan-start]
2020-10-28T17:54:43.058-0800: 0.249: [GC concurrent-root-region-scan-end, 0.0000833 secs]
2020-10-28T17:54:43.058-0800: 0.249: [GC concurrent-mark-start]
2020-10-28T17:54:43.059-0800: 0.250: [GC concurrent-mark-end, 0.0008767 secs]
2020-10-28T17:54:43.059-0800: 0.250: [GC remark, 0.0008680 secs]
2020-10-28T17:54:43.060-0800: 0.251: [GC cleanup 189M->189M(256M), 0.0003765 secs]
2020-10-28T17:54:43.061-0800: 0.252: [GC pause (G1 Evacuation Pause) (young) 195M->183M(256M), 0.0020784 secs]
2020-10-28T17:54:43.064-0800: 0.255: [GC pause (G1 Evacuation Pause) (mixed) 191M->161M(256M), 0.0012326 secs]
2020-10-28T17:54:43.068-0800: 0.259: [GC pause (G1 Evacuation Pause) (mixed) 174M->146M(256M), 0.0015323 secs]
2020-10-28T17:54:43.071-0800: 0.262: [GC pause (G1 Evacuation Pause) (mixed) 158M->134M(256M), 0.0017184 secs]
2020-10-28T17:54:43.073-0800: 0.264: [GC pause (G1 Humongous Allocation) (young) (initial-mark) 135M->134M(256M), 0.0005598 secs]
2020-10-28T17:54:43.073-0800: 0.264: [GC concurrent-root-region-scan-start]
2020-10-28T17:54:43.074-0800: 0.264: [GC concurrent-root-region-scan-end, 0.0000611 secs]
2020-10-28T17:54:43.074-0800: 0.264: [GC concurrent-mark-start]
2020-10-28T17:54:43.074-0800: 0.265: [GC concurrent-mark-end, 0.0004919 secs]
2020-10-28T17:54:43.074-0800: 0.265: [GC remark, 0.0006805 secs]
2020-10-28T17:54:43.075-0800: 0.266: [GC cleanup 142M->142M(256M), 0.0002874 secs]
2020-10-28T17:54:43.085-0800: 0.276: [GC pause (G1 Evacuation Pause) (young)-- 209M->173M(256M), 0.0014878 secs]
2020-10-28T17:54:43.087-0800: 0.278: [GC pause (G1 Evacuation Pause) (mixed) 179M->168M(256M), 0.0026138 secs]
2020-10-28T17:54:43.090-0800: 0.281: [GC pause (G1 Humongous Allocation) (young) (initial-mark) 170M->169M(256M), 0.0009436 secs]
2020-10-28T17:54:43.091-0800: 0.282: [GC concurrent-root-region-scan-start]
2020-10-28T17:54:43.091-0800: 0.282: [GC concurrent-root-region-scan-end, 0.0000931 secs]
2020-10-28T17:54:43.091-0800: 0.282: [GC concurrent-mark-start]
2020-10-28T17:54:43.092-0800: 0.282: [GC concurrent-mark-end, 0.0005313 secs]
2020-10-28T17:54:43.092-0800: 0.283: [GC remark, 0.0008570 secs]
2020-10-28T17:54:43.093-0800: 0.283: [GC cleanup 175M->175M(256M), 0.0003408 secs]
2020-10-28T17:54:43.097-0800: 0.288: [GC pause (G1 Evacuation Pause) (young) 204M->180M(256M), 0.0011510 secs]
2020-10-28T17:54:43.099-0800: 0.290: [GC pause (G1 Evacuation Pause) (mixed) 187M->162M(256M), 0.0012237 secs]
2020-10-28T17:54:43.102-0800: 0.293: [GC pause (G1 Evacuation Pause) (mixed) 175M->165M(256M), 0.0011844 secs]
2020-10-28T17:54:43.103-0800: 0.294: [GC pause (G1 Humongous Allocation) (young) (initial-mark) 166M->165M(256M), 0.0011578 secs]
2020-10-28T17:54:43.104-0800: 0.295: [GC concurrent-root-region-scan-start]
2020-10-28T17:54:43.104-0800: 0.295: [GC concurrent-root-region-scan-end, 0.0000538 secs]
2020-10-28T17:54:43.104-0800: 0.295: [GC concurrent-mark-start]
2020-10-28T17:54:43.105-0800: 0.296: [GC concurrent-mark-end, 0.0005242 secs]
2020-10-28T17:54:43.105-0800: 0.296: [GC remark, 0.0006851 secs]
2020-10-28T17:54:43.106-0800: 0.297: [GC cleanup 172M->172M(256M), 0.0002792 secs]
2020-10-28T17:54:43.110-0800: 0.301: [GC pause (G1 Evacuation Pause) (young) 208M->179M(256M), 0.0012663 secs]
2020-10-28T17:54:43.113-0800: 0.303: [GC pause (G1 Evacuation Pause) (mixed) 188M->176M(256M), 0.0015030 secs]
2020-10-28T17:54:43.114-0800: 0.305: [GC pause (G1 Humongous Allocation) (young) (initial-mark) 177M->176M(256M), 0.0005348 secs]
2020-10-28T17:54:43.115-0800: 0.306: [GC concurrent-root-region-scan-start]
2020-10-28T17:54:43.115-0800: 0.306: [GC concurrent-root-region-scan-end, 0.0000236 secs]
2020-10-28T17:54:43.115-0800: 0.306: [GC concurrent-mark-start]
2020-10-28T17:54:43.115-0800: 0.306: [GC concurrent-mark-end, 0.0005638 secs]
2020-10-28T17:54:43.116-0800: 0.306: [GC remark, 0.0007174 secs]
2020-10-28T17:54:43.116-0800: 0.307: [GC cleanup 182M->182M(256M), 0.0002665 secs]
2020-10-28T17:54:43.119-0800: 0.310: [GC pause (G1 Evacuation Pause) (young) 207M->187M(256M), 0.0009499 secs]
2020-10-28T17:54:43.121-0800: 0.312: [GC pause (G1 Evacuation Pause) (mixed) 198M->187M(256M), 0.0014236 secs]
2020-10-28T17:54:43.123-0800: 0.314: [GC pause (G1 Humongous Allocation) (young) (initial-mark) 188M->187M(256M), 0.0005580 secs]
2020-10-28T17:54:43.124-0800: 0.314: [GC concurrent-root-region-scan-start]
2020-10-28T17:54:43.124-0800: 0.315: [GC concurrent-root-region-scan-end, 0.0000513 secs]
2020-10-28T17:54:43.124-0800: 0.315: [GC concurrent-mark-start]
2020-10-28T17:54:43.124-0800: 0.315: [GC concurrent-mark-end, 0.0006095 secs]
2020-10-28T17:54:43.124-0800: 0.315: [GC remark, 0.0008922 secs]
2020-10-28T17:54:43.125-0800: 0.316: [GC cleanup 196M->196M(256M), 0.0003102 secs]
2020-10-28T17:54:43.127-0800: 0.318: [GC pause (G1 Evacuation Pause) (young) 205M->191M(256M), 0.0007348 secs]
2020-10-28T17:54:43.129-0800: 0.320: [GC pause (G1 Evacuation Pause) (mixed) 204M->189M(256M), 0.0020973 secs]
2020-10-28T17:54:43.132-0800: 0.323: [GC pause (G1 Humongous Allocation) (young) (initial-mark) 194M->190M(256M), 0.0006243 secs]
2020-10-28T17:54:43.132-0800: 0.323: [GC concurrent-root-region-scan-start]
2020-10-28T17:54:43.132-0800: 0.323: [GC concurrent-root-region-scan-end, 0.0000556 secs]
2020-10-28T17:54:43.132-0800: 0.323: [GC concurrent-mark-start]
2020-10-28T17:54:43.133-0800: 0.324: [GC concurrent-mark-end, 0.0005872 secs]
2020-10-28T17:54:43.133-0800: 0.324: [GC remark, 0.0007302 secs]
2020-10-28T17:54:43.134-0800: 0.325: [GC cleanup 196M->196M(256M), 0.0002748 secs]
2020-10-28T17:54:43.135-0800: 0.326: [GC pause (G1 Evacuation Pause) (young) 203M->195M(256M), 0.0014274 secs]
2020-10-28T17:54:43.138-0800: 0.329: [GC pause (G1 Evacuation Pause) (mixed)-- 209M->197M(256M), 0.0013767 secs]
2020-10-28T17:54:43.140-0800: 0.331: [GC pause (G1 Humongous Allocation) (young) (initial-mark) 199M->197M(256M), 0.0006677 secs]
2020-10-28T17:54:43.141-0800: 0.331: [GC concurrent-root-region-scan-start]
2020-10-28T17:54:43.141-0800: 0.331: [GC concurrent-root-region-scan-end, 0.0000549 secs]
2020-10-28T17:54:43.141-0800: 0.331: [GC concurrent-mark-start]
2020-10-28T17:54:43.141-0800: 0.332: [GC concurrent-mark-end, 0.0007376 secs]
2020-10-28T17:54:43.141-0800: 0.332: [GC remark, 0.0007323 secs]
2020-10-28T17:54:43.142-0800: 0.333: [GC cleanup 204M->204M(256M), 0.0002670 secs]
2020-10-28T17:54:43.143-0800: 0.334: [GC pause (G1 Evacuation Pause) (young) 210M->202M(256M), 0.0007933 secs]
2020-10-28T17:54:43.145-0800: 0.336: [GC pause (G1 Evacuation Pause) (mixed)-- 213M->207M(256M), 0.0010685 secs]
2020-10-28T17:54:43.146-0800: 0.337: [GC pause (G1 Humongous Allocation) (young) (initial-mark) 208M->207M(256M), 0.0006159 secs]
2020-10-28T17:54:43.147-0800: 0.338: [GC concurrent-root-region-scan-start]
2020-10-28T17:54:43.147-0800: 0.338: [GC concurrent-root-region-scan-end, 0.0000692 secs]
2020-10-28T17:54:43.147-0800: 0.338: [GC concurrent-mark-start]
2020-10-28T17:54:43.148-0800: 0.338: [GC concurrent-mark-end, 0.0005561 secs]
2020-10-28T17:54:43.148-0800: 0.338: [GC remark, 0.0007207 secs]
2020-10-28T17:54:43.148-0800: 0.339: [GC cleanup 214M->214M(256M), 0.0002550 secs]
2020-10-28T17:54:43.150-0800: 0.341: [GC pause (G1 Evacuation Pause) (young)-- 223M->221M(256M), 0.0007814 secs]
2020-10-28T17:54:43.151-0800: 0.342: [GC pause (G1 Evacuation Pause) (mixed)-- 224M->222M(256M), 0.0005852 secs]
2020-10-28T17:54:43.152-0800: 0.343: [GC pause (G1 Evacuation Pause) (young)-- 224M->223M(256M), 0.0004944 secs]
2020-10-28T17:54:43.153-0800: 0.343: [GC pause (G1 Evacuation Pause) (young) (initial-mark)-- 224M->224M(256M), 0.0004373 secs]
2020-10-28T17:54:43.153-0800: 0.344: [GC concurrent-root-region-scan-start]
2020-10-28T17:54:43.153-0800: 0.344: [GC concurrent-root-region-scan-end, 0.0000041 secs]
2020-10-28T17:54:43.153-0800: 0.344: [GC concurrent-mark-start]
2020-10-28T17:54:43.153-0800: 0.344: [Full GC (Allocation Failure)  224M->181M(256M), 0.0186116 secs]
2020-10-28T17:54:43.172-0800: 0.363: [GC concurrent-mark-abort]
2020-10-28T17:54:43.172-0800: 0.363: [GC pause (G1 Humongous Allocation) (young) (initial-mark) 182M->181M(256M), 0.0008698 secs]
2020-10-28T17:54:43.173-0800: 0.364: [GC concurrent-root-region-scan-start]
2020-10-28T17:54:43.173-0800: 0.364: [GC concurrent-root-region-scan-end, 0.0000415 secs]
2020-10-28T17:54:43.173-0800: 0.364: [GC concurrent-mark-start]
2020-10-28T17:54:43.174-0800: 0.365: [GC concurrent-mark-end, 0.0006808 secs]
2020-10-28T17:54:43.174-0800: 0.365: [GC remark, 0.0009851 secs]
2020-10-28T17:54:43.175-0800: 0.366: [GC cleanup 186M->186M(256M), 0.0003700 secs]
2020-10-28T17:54:43.176-0800: 0.367: [GC pause (G1 Evacuation Pause) (young) 196M->186M(256M), 0.0009065 secs]
2020-10-28T17:54:43.179-0800: 0.370: [GC pause (G1 Evacuation Pause) (mixed)-- 200M->198M(256M), 0.0010014 secs]
2020-10-28T17:54:43.181-0800: 0.371: [GC pause (G1 Humongous Allocation) (young) (initial-mark) 202M->199M(256M), 0.0005460 secs]
2020-10-28T17:54:43.181-0800: 0.372: [GC concurrent-root-region-scan-start]
2020-10-28T17:54:43.181-0800: 0.372: [GC concurrent-root-region-scan-end, 0.0000553 secs]
2020-10-28T17:54:43.181-0800: 0.372: [GC concurrent-mark-start]
2020-10-28T17:54:43.182-0800: 0.373: [GC concurrent-mark-end, 0.0006293 secs]
2020-10-28T17:54:43.182-0800: 0.373: [GC remark, 0.0009322 secs]
2020-10-28T17:54:43.183-0800: 0.374: [GC pause (G1 Evacuation Pause) (young)-- 203M->201M(256M), 0.0013701 secs]
2020-10-28T17:54:43.184-0800: 0.375: [GC cleanup 201M->201M(256M), 0.0004083 secs]
2020-10-28T17:54:43.185-0800: 0.376: [GC pause (G1 Evacuation Pause) (young)-- 203M->203M(256M), 0.0006553 secs]
2020-10-28T17:54:43.186-0800: 0.377: [Full GC (Allocation Failure)  203M->187M(256M), 0.0176211 secs]
2020-10-28T17:54:43.204-0800: 0.395: [GC pause (G1 Humongous Allocation) (young) (initial-mark) 191M->188M(256M), 0.0013890 secs]
2020-10-28T17:54:43.206-0800: 0.397: [GC concurrent-root-region-scan-start]
2020-10-28T17:54:43.206-0800: 0.397: [GC concurrent-root-region-scan-end, 0.0000648 secs]
2020-10-28T17:54:43.206-0800: 0.397: [GC concurrent-mark-start]
2020-10-28T17:54:43.207-0800: 0.397: [GC concurrent-mark-end, 0.0007553 secs]
2020-10-28T17:54:43.207-0800: 0.398: [GC remark, 0.0011888 secs]
2020-10-28T17:54:43.208-0800: 0.399: [GC cleanup 196M->196M(256M), 0.0005908 secs]
2020-10-28T17:54:43.210-0800: 0.401: [GC pause (G1 Evacuation Pause) (young)-- 202M->197M(256M), 0.0018645 secs]
2020-10-28T17:54:43.212-0800: 0.403: [GC pause (G1 Humongous Allocation) (young) (initial-mark) 200M->199M(256M), 0.0011259 secs]
2020-10-28T17:54:43.213-0800: 0.404: [GC concurrent-root-region-scan-start]
2020-10-28T17:54:43.213-0800: 0.404: [GC concurrent-root-region-scan-end, 0.0000330 secs]
2020-10-28T17:54:43.213-0800: 0.404: [GC concurrent-mark-start]
2020-10-28T17:54:43.214-0800: 0.405: [GC pause (G1 Humongous Allocation) (young)-- 203M->202M(256M), 0.0008004 secs]
2020-10-28T17:54:43.215-0800: 0.406: [GC concurrent-mark-end, 0.0015623 secs]
2020-10-28T17:54:43.215-0800: 0.406: [GC remark, 0.0010327 secs]
2020-10-28T17:54:43.216-0800: 0.407: [GC pause (G1 Evacuation Pause) (young)-- 203M->203M(256M), 0.0012241 secs]
2020-10-28T17:54:43.217-0800: 0.408: [Full GC (Allocation Failure)  203M->193M(256M), 0.0120814 secs]
2020-10-28T17:54:43.229-0800: 0.420: [GC cleanup, 0.0000269 secs]
2020-10-28T17:54:43.229-0800: 0.420: [GC concurrent-mark-abort]
2020-10-28T17:54:43.230-0800: 0.421: [GC pause (G1 Humongous Allocation) (young) (initial-mark) 194M->193M(256M), 0.0009516 secs]
2020-10-28T17:54:43.231-0800: 0.422: [GC concurrent-root-region-scan-start]
2020-10-28T17:54:43.231-0800: 0.422: [GC concurrent-root-region-scan-end, 0.0000806 secs]
2020-10-28T17:54:43.231-0800: 0.422: [GC concurrent-mark-start]
2020-10-28T17:54:43.232-0800: 0.423: [GC concurrent-mark-end, 0.0007847 secs]
2020-10-28T17:54:43.232-0800: 0.423: [GC remark, 0.0011040 secs]
2020-10-28T17:54:43.233-0800: 0.424: [GC cleanup 200M->200M(256M), 0.0003895 secs]
2020-10-28T17:54:43.233-0800: 0.424: [GC pause (G1 Humongous Allocation) (young)-- 200M->196M(256M), 0.0009172 secs]
2020-10-28T17:54:43.235-0800: 0.426: [GC pause (G1 Evacuation Pause) (mixed)-- 201M->199M(256M), 0.0007354 secs]
2020-10-28T17:54:43.236-0800: 0.427: [GC pause (G1 Humongous Allocation) (young) (initial-mark) 200M->200M(256M), 0.0005484 secs]
2020-10-28T17:54:43.237-0800: 0.427: [GC concurrent-root-region-scan-start]
2020-10-28T17:54:43.237-0800: 0.428: [GC concurrent-root-region-scan-end, 0.0000473 secs]
2020-10-28T17:54:43.237-0800: 0.428: [GC concurrent-mark-start]
2020-10-28T17:54:43.237-0800: 0.428: [GC pause (G1 Evacuation Pause) (young)-- 200M->200M(256M), 0.0008865 secs]
2020-10-28T17:54:43.238-0800: 0.429: [GC pause (G1 Evacuation Pause) (young)-- 201M->201M(256M), 0.0007025 secs]
2020-10-28T17:54:43.239-0800: 0.430: [Full GC (Allocation Failure)  201M->194M(256M), 0.0167948 secs]
2020-10-28T17:54:43.256-0800: 0.447: [GC concurrent-mark-abort]
2020-10-28T17:54:43.256-0800: 0.447: [GC pause (G1 Humongous Allocation) (young) (initial-mark) 195M->194M(256M), 0.0007824 secs]
2020-10-28T17:54:43.257-0800: 0.448: [GC concurrent-root-region-scan-start]
2020-10-28T17:54:43.257-0800: 0.448: [GC concurrent-root-region-scan-end, 0.0000775 secs]
2020-10-28T17:54:43.257-0800: 0.448: [GC concurrent-mark-start]
2020-10-28T17:54:43.258-0800: 0.449: [GC concurrent-mark-end, 0.0007051 secs]
2020-10-28T17:54:43.258-0800: 0.449: [GC remark, 0.0014185 secs]
2020-10-28T17:54:43.259-0800: 0.450: [GC cleanup 199M->199M(256M), 0.0005401 secs]
2020-10-28T17:54:43.260-0800: 0.451: [GC pause (G1 Evacuation Pause) (young)-- 202M->199M(256M), 0.0015195 secs]
2020-10-28T17:54:43.262-0800: 0.453: [GC pause (G1 Evacuation Pause) (young)-- 202M->202M(256M), 0.0006899 secs]
2020-10-28T17:54:43.263-0800: 0.454: [Full GC (Allocation Failure)  202M->196M(256M), 0.0186928 secs]
2020-10-28T17:54:43.282-0800: 0.473: [GC pause (G1 Humongous Allocation) (young) (initial-mark) 197M->196M(256M), 0.0017738 secs]
2020-10-28T17:54:43.284-0800: 0.475: [GC concurrent-root-region-scan-start]
2020-10-28T17:54:43.284-0800: 0.475: [GC concurrent-root-region-scan-end, 0.0000874 secs]
2020-10-28T17:54:43.284-0800: 0.475: [GC concurrent-mark-start]
2020-10-28T17:54:43.285-0800: 0.476: [GC concurrent-mark-end, 0.0007641 secs]
2020-10-28T17:54:43.285-0800: 0.476: [GC pause (G1 Humongous Allocation) (young)-- 201M->200M(256M), 0.0016126 secs]
2020-10-28T17:54:43.287-0800: 0.477: [GC remark, 0.0012241 secs]
2020-10-28T17:54:43.288-0800: 0.479: [GC pause (G1 Evacuation Pause) (young) 201M->200M(256M), 0.0007127 secs]
2020-10-28T17:54:43.289-0800: 0.479: [GC cleanup 201M->201M(256M), 0.0004121 secs]
2020-10-28T17:54:43.289-0800: 0.480: [GC pause (G1 Evacuation Pause) (young)-- 201M->201M(256M), 0.0007384 secs]
2020-10-28T17:54:43.290-0800: 0.481: [Full GC (Allocation Failure)  201M->197M(256M), 0.0035015 secs]
2020-10-28T17:54:43.294-0800: 0.485: [GC pause (G1 Humongous Allocation) (young) (initial-mark) 197M->197M(256M), 0.0006755 secs]
2020-10-28T17:54:43.295-0800: 0.485: [GC concurrent-root-region-scan-start]
2020-10-28T17:54:43.295-0800: 0.485: [GC concurrent-root-region-scan-end, 0.0000522 secs]
2020-10-28T17:54:43.295-0800: 0.485: [GC concurrent-mark-start]
2020-10-28T17:54:43.295-0800: 0.486: [GC pause (G1 Humongous Allocation) (young)-- 200M->200M(256M), 0.0014577 secs]
2020-10-28T17:54:43.297-0800: 0.488: [Full GC (Allocation Failure)  200M->198M(256M), 0.0027460 secs]
2020-10-28T17:54:43.300-0800: 0.490: [GC concurrent-mark-abort]
2020-10-28T17:54:43.300-0800: 0.490: [GC pause (G1 Humongous Allocation) (young) (initial-mark) 199M->199M(256M), 0.0006978 secs]
2020-10-28T17:54:43.300-0800: 0.491: [GC concurrent-root-region-scan-start]
2020-10-28T17:54:43.300-0800: 0.491: [GC concurrent-root-region-scan-end, 0.0000063 secs]
2020-10-28T17:54:43.300-0800: 0.491: [GC concurrent-mark-start]
2020-10-28T17:54:43.300-0800: 0.491: [GC pause (G1 Evacuation Pause) (young) 200M->199M(256M), 0.0014527 secs]
2020-10-28T17:54:43.302-0800: 0.493: [GC pause (G1 Evacuation Pause) (young)-- 200M->200M(256M), 0.0006753 secs]
2020-10-28T17:54:43.303-0800: 0.494: [Full GC (Allocation Failure)  200M->199M(256M), 0.0038971 secs]
2020-10-28T17:54:43.307-0800: 0.498: [GC concurrent-mark-abort]
2020-10-28T17:54:43.307-0800: 0.498: [GC pause (G1 Evacuation Pause) (young)-- 201M->201M(256M), 0.0007809 secs]
2020-10-28T17:54:43.308-0800: 0.499: [Full GC (Allocation Failure)  201M->199M(256M), 0.0021503 secs]
2020-10-28T17:54:43.310-0800: 0.501: [GC pause (G1 Humongous Allocation) (young) (initial-mark) 200M->200M(256M), 0.0012738 secs]
2020-10-28T17:54:43.312-0800: 0.502: [GC concurrent-root-region-scan-start]
2020-10-28T17:54:43.312-0800: 0.503: [GC concurrent-root-region-scan-end, 0.0000858 secs]
2020-10-28T17:54:43.312-0800: 2020-10-28T17:54:43.312-0800: 0.503: 0.503: [GC concurrent-mark-start]
[GC pause (G1 Evacuation Pause) (young)-- 200M->200M(256M), 0.0006799 secs]
2020-10-28T17:54:43.313-0800: 0.503: [GC pause (G1 Humongous Allocation) (young)-- 200M->200M(256M), 0.0007272 secs]
2020-10-28T17:54:43.313-0800: 0.504: [GC pause (G1 Evacuation Pause) (young) 200M->200M(256M), 0.0005420 secs]
2020-10-28T17:54:43.314-0800: 0.505: [GC pause (G1 Evacuation Pause) (young) 200M->200M(256M), 0.0006079 secs]
2020-10-28T17:54:43.315-0800: 0.506: [Full GC (Allocation Failure)  200M->200M(256M), 0.0023971 secs]
2020-10-28T17:54:43.317-0800: 0.508: [GC concurrent-mark-abort]
2020-10-28T17:54:43.317-0800: 0.508: [GC pause (G1 Evacuation Pause) (young)-- 201M->201M(256M), 0.0005914 secs]
2020-10-28T17:54:43.318-0800: 0.509: [Full GC (Allocation Failure)  201M->200M(256M), 0.0022663 secs]
2020-10-28T17:54:43.320-0800: 0.511: [GC pause (G1 Humongous Allocation) (young) (initial-mark)-- 201M->201M(256M), 0.0011441 secs]
2020-10-28T17:54:43.322-0800: 0.512: [GC concurrent-root-region-scan-start]
2020-10-28T17:54:43.322-0800: 0.512: [GC concurrent-root-region-scan-end, 0.0000056 secs]
2020-10-28T17:54:43.322-0800: 0.512: [GC concurrent-mark-start]
2020-10-28T17:54:43.322-0800: 0.512: [GC pause (G1 Humongous Allocation) (young) 201M->201M(256M), 0.0013843 secs]
2020-10-28T17:54:43.323-0800: 0.514: [Full GC (Allocation Failure)  201M->200M(256M), 0.0020193 secs]
2020-10-28T17:54:43.325-0800: 0.516: [Full GC (Allocation Failure)  200M->200M(256M), 0.0020867 secs]
2020-10-28T17:54:43.327-0800: 0.518: [GC concurrent-mark-abort]
2020-10-28T17:54:43.327-0800: 0.518: [GC pause (G1 Evacuation Pause) (young) 200M->200M(256M), 0.0007289 secs]
2020-10-28T17:54:43.328-0800: 0.519: [GC pause (G1 Evacuation Pause) (young) (initial-mark) 200M->200M(256M), 0.0005907 secs]
2020-10-28T17:54:43.329-0800: 0.520: [GC concurrent-root-region-scan-start]
2020-10-28T17:54:43.329-0800: 0.520: [GC concurrent-root-region-scan-end, 0.0000057 secs]
2020-10-28T17:54:43.329-0800: 0.520: [GC concurrent-mark-start]
2020-10-28T17:54:43.329-0800: 0.520: [Full GC (Allocation Failure)  200M->276K(256M), 0.0018945 secs]
2020-10-28T17:54:43.331-0800: 0.522: [GC concurrent-mark-abort]
