OpenJDK 64-Bit Server VM (25.265-b11) for bsd-amd64 JRE (Zulu 8.48.0.53-CA-macosx) (1.8.0_265-b11), built on Jul 28 2020 03:07:54 by "zulu_re" with gcc 4.2.1 (Based on Apple Inc. build 5658) (LLVM build 2336.11.00)
Memory: 4k page, physical 16777216k(1318080k free)

/proc/meminfo:

CommandLine flags: -XX:InitialHeapSize=536870912 -XX:MaxHeapSize=536870912 -XX:+PrintGC -XX:+PrintGCDateStamps -XX:+PrintGCTimeStamps -XX:+UseCompressedClassPointers -XX:+UseCompressedOops -XX:+UseG1GC 
2020-10-28T17:54:23.922-0800: 0.125: [GC pause (G1 Evacuation Pause) (young) 33156K->15344K(512M), 0.0089316 secs]
2020-10-28T17:54:23.937-0800: 0.140: [GC pause (G1 Evacuation Pause) (young) 42064K->23572K(512M), 0.0036314 secs]
2020-10-28T17:54:23.961-0800: 0.165: [GC pause (G1 Evacuation Pause) (young) 70655K->36006K(512M), 0.0046559 secs]
2020-10-28T17:54:23.992-0800: 0.196: [GC pause (G1 Evacuation Pause) (young) 116M->66075K(512M), 0.0092917 secs]
2020-10-28T17:54:24.035-0800: 0.239: [GC pause (G1 Evacuation Pause) (young) 183M->105M(512M), 0.0125668 secs]
2020-10-28T17:54:24.140-0800: 0.343: [GC pause (G1 Evacuation Pause) (young) 376M->188M(512M), 0.0253392 secs]
2020-10-28T17:54:24.178-0800: 0.381: [GC pause (G1 Humongous Allocation) (young) (initial-mark) 279M->214M(512M), 0.0082400 secs]
2020-10-28T17:54:24.186-0800: 0.390: [GC concurrent-root-region-scan-start]
2020-10-28T17:54:24.186-0800: 0.390: [GC concurrent-root-region-scan-end, 0.0001813 secs]
2020-10-28T17:54:24.186-0800: 0.390: [GC concurrent-mark-start]
2020-10-28T17:54:24.188-0800: 0.391: [GC concurrent-mark-end, 0.0013833 secs]
2020-10-28T17:54:24.188-0800: 0.391: [GC remark, 0.0011402 secs]
2020-10-28T17:54:24.189-0800: 0.393: [GC cleanup 223M->221M(512M), 0.0004874 secs]
2020-10-28T17:54:24.189-0800: 0.393: [GC concurrent-cleanup-start]
2020-10-28T17:54:24.189-0800: 0.393: [GC concurrent-cleanup-end, 0.0000086 secs]
2020-10-28T17:54:24.216-0800: 0.419: [GC pause (G1 Evacuation Pause) (young) 391M->260M(512M), 0.0049308 secs]
2020-10-28T17:54:24.222-0800: 0.425: [GC pause (G1 Evacuation Pause) (mixed) 267M->258M(512M), 0.0032116 secs]
2020-10-28T17:54:24.226-0800: 0.429: [GC pause (G1 Humongous Allocation) (young) (initial-mark) 262M->259M(512M), 0.0009383 secs]
2020-10-28T17:54:24.227-0800: 0.430: [GC concurrent-root-region-scan-start]
2020-10-28T17:54:24.227-0800: 0.430: [GC concurrent-root-region-scan-end, 0.0000780 secs]
2020-10-28T17:54:24.227-0800: 0.430: [GC concurrent-mark-start]
2020-10-28T17:54:24.228-0800: 0.431: [GC concurrent-mark-end, 0.0007359 secs]
2020-10-28T17:54:24.228-0800: 0.431: [GC remark, 0.0010921 secs]
2020-10-28T17:54:24.229-0800: 0.432: [GC cleanup 266M->266M(512M), 0.0005529 secs]
2020-10-28T17:54:24.249-0800: 0.452: [GC pause (G1 Evacuation Pause) (young) 405M->307M(512M), 0.0033706 secs]
2020-10-28T17:54:24.254-0800: 0.457: [GC pause (G1 Evacuation Pause) (mixed) 318M->286M(512M), 0.0037017 secs]
2020-10-28T17:54:24.258-0800: 0.462: [GC pause (G1 Humongous Allocation) (young) (initial-mark) 291M->287M(512M), 0.0010782 secs]
2020-10-28T17:54:24.259-0800: 0.463: [GC concurrent-root-region-scan-start]
2020-10-28T17:54:24.259-0800: 0.463: [GC concurrent-root-region-scan-end, 0.0000852 secs]
2020-10-28T17:54:24.259-0800: 0.463: [GC concurrent-mark-start]
2020-10-28T17:54:24.260-0800: 0.464: [GC concurrent-mark-end, 0.0007919 secs]
2020-10-28T17:54:24.260-0800: 0.464: [GC remark, 0.0011979 secs]
2020-10-28T17:54:24.261-0800: 0.465: [GC cleanup 293M->292M(512M), 0.0005049 secs]
2020-10-28T17:54:24.262-0800: 0.466: [GC concurrent-cleanup-start]
2020-10-28T17:54:24.262-0800: 0.466: [GC concurrent-cleanup-end, 0.0000080 secs]
2020-10-28T17:54:24.278-0800: 0.482: [GC pause (G1 Evacuation Pause) (young) 414M->316M(512M), 0.0034264 secs]
2020-10-28T17:54:24.284-0800: 0.488: [GC pause (G1 Evacuation Pause) (mixed) 330M->298M(512M), 0.0036136 secs]
2020-10-28T17:54:24.288-0800: 0.492: [GC pause (G1 Humongous Allocation) (young) (initial-mark) 301M->299M(512M), 0.0015156 secs]
2020-10-28T17:54:24.290-0800: 0.493: [GC concurrent-root-region-scan-start]
2020-10-28T17:54:24.290-0800: 0.493: [GC concurrent-root-region-scan-end, 0.0000663 secs]
2020-10-28T17:54:24.290-0800: 0.493: [GC concurrent-mark-start]
2020-10-28T17:54:24.291-0800: 0.494: [GC concurrent-mark-end, 0.0010276 secs]
2020-10-28T17:54:24.291-0800: 0.494: [GC remark, 0.0010637 secs]
2020-10-28T17:54:24.292-0800: 0.496: [GC cleanup 307M->307M(512M), 0.0004976 secs]
2020-10-28T17:54:24.306-0800: 0.510: [GC pause (G1 Evacuation Pause) (young) 405M->325M(512M), 0.0035425 secs]
2020-10-28T17:54:24.313-0800: 0.516: [GC pause (G1 Evacuation Pause) (mixed) 343M->309M(512M), 0.0037175 secs]
2020-10-28T17:54:24.317-0800: 0.520: [GC pause (G1 Humongous Allocation) (young) (initial-mark) 309M->309M(512M), 0.0009205 secs]
2020-10-28T17:54:24.318-0800: 0.521: [GC concurrent-root-region-scan-start]
2020-10-28T17:54:24.318-0800: 0.521: [GC concurrent-root-region-scan-end, 0.0000823 secs]
2020-10-28T17:54:24.318-0800: 0.521: [GC concurrent-mark-start]
2020-10-28T17:54:24.319-0800: 0.522: [GC concurrent-mark-end, 0.0009113 secs]
2020-10-28T17:54:24.319-0800: 0.522: [GC remark, 0.0012658 secs]
2020-10-28T17:54:24.320-0800: 0.524: [GC cleanup 317M->317M(512M), 0.0005020 secs]
2020-10-28T17:54:24.333-0800: 0.537: [GC pause (G1 Evacuation Pause) (young) 400M->334M(512M), 0.0030808 secs]
2020-10-28T17:54:24.338-0800: 0.542: [GC pause (G1 Evacuation Pause) (mixed) 351M->322M(512M), 0.0040118 secs]
2020-10-28T17:54:24.343-0800: 0.547: [GC pause (G1 Humongous Allocation) (young) (initial-mark) 327M->323M(512M), 0.0010327 secs]
2020-10-28T17:54:24.344-0800: 0.548: [GC concurrent-root-region-scan-start]
2020-10-28T17:54:24.345-0800: 0.548: [GC concurrent-root-region-scan-end, 0.0000955 secs]
2020-10-28T17:54:24.345-0800: 0.548: [GC concurrent-mark-start]
2020-10-28T17:54:24.346-0800: 0.549: [GC concurrent-mark-end, 0.0010426 secs]
2020-10-28T17:54:24.346-0800: 0.549: [GC remark, 0.0013909 secs]
2020-10-28T17:54:24.347-0800: 0.551: [GC cleanup 332M->332M(512M), 0.0004994 secs]
2020-10-28T17:54:24.360-0800: 0.563: [GC pause (G1 Evacuation Pause) (young) 415M->351M(512M), 0.0031996 secs]
2020-10-28T17:54:24.365-0800: 0.569: [GC pause (G1 Evacuation Pause) (mixed) 371M->342M(512M), 0.0041239 secs]
2020-10-28T17:54:24.370-0800: 0.574: [GC pause (G1 Humongous Allocation) (young) (initial-mark) 345M->342M(512M), 0.0009055 secs]
2020-10-28T17:54:24.371-0800: 0.575: [GC concurrent-root-region-scan-start]
2020-10-28T17:54:24.371-0800: 0.575: [GC concurrent-root-region-scan-end, 0.0000811 secs]
2020-10-28T17:54:24.371-0800: 0.575: [GC concurrent-mark-start]
2020-10-28T17:54:24.372-0800: 0.576: [GC concurrent-mark-end, 0.0009060 secs]
2020-10-28T17:54:24.372-0800: 0.576: [GC remark, 0.0013194 secs]
2020-10-28T17:54:24.373-0800: 0.577: [GC cleanup 349M->349M(512M), 0.0005330 secs]
2020-10-28T17:54:24.384-0800: 0.588: [GC pause (G1 Evacuation Pause) (young) 403M->358M(512M), 0.0020098 secs]
2020-10-28T17:54:24.390-0800: 0.593: [GC pause (G1 Evacuation Pause) (mixed) 379M->343M(512M), 0.0052099 secs]
2020-10-28T17:54:24.396-0800: 0.599: [GC pause (G1 Humongous Allocation) (young) (initial-mark) 345M->343M(512M), 0.0012773 secs]
2020-10-28T17:54:24.397-0800: 0.601: [GC concurrent-root-region-scan-start]
2020-10-28T17:54:24.397-0800: 0.601: [GC concurrent-root-region-scan-end, 0.0000423 secs]
2020-10-28T17:54:24.397-0800: 0.601: [GC concurrent-mark-start]
2020-10-28T17:54:24.398-0800: 0.602: [GC concurrent-mark-end, 0.0010335 secs]
2020-10-28T17:54:24.398-0800: 0.602: [GC remark, 0.0015188 secs]
2020-10-28T17:54:24.400-0800: 0.603: [GC cleanup 353M->353M(512M), 0.0007041 secs]
2020-10-28T17:54:24.408-0800: 0.611: [GC pause (G1 Evacuation Pause) (young) 403M->360M(512M), 0.0024331 secs]
2020-10-28T17:54:24.414-0800: 0.617: [GC pause (G1 Evacuation Pause) (mixed) 382M->350M(512M), 0.0037904 secs]
2020-10-28T17:54:24.418-0800: 0.621: [GC pause (G1 Humongous Allocation) (young) (initial-mark) 351M->350M(512M), 0.0012071 secs]
2020-10-28T17:54:24.419-0800: 0.623: [GC concurrent-root-region-scan-start]
2020-10-28T17:54:24.419-0800: 0.623: [GC concurrent-root-region-scan-end, 0.0000355 secs]
2020-10-28T17:54:24.419-0800: 0.623: [GC concurrent-mark-start]
2020-10-28T17:54:24.420-0800: 0.624: [GC concurrent-mark-end, 0.0010231 secs]
2020-10-28T17:54:24.420-0800: 0.624: [GC remark, 0.0013893 secs]
2020-10-28T17:54:24.422-0800: 0.625: [GC cleanup 360M->360M(512M), 0.0005062 secs]
2020-10-28T17:54:24.427-0800: 0.631: [GC pause (G1 Evacuation Pause) (young) 400M->366M(512M), 0.0017150 secs]
2020-10-28T17:54:24.432-0800: 0.636: [GC pause (G1 Evacuation Pause) (mixed) 390M->357M(512M), 0.0032747 secs]
2020-10-28T17:54:24.436-0800: 0.640: [GC pause (G1 Humongous Allocation) (young) (initial-mark) 361M->358M(512M), 0.0010650 secs]
2020-10-28T17:54:24.437-0800: 0.641: [GC concurrent-root-region-scan-start]
2020-10-28T17:54:24.437-0800: 0.641: [GC concurrent-root-region-scan-end, 0.0001305 secs]
2020-10-28T17:54:24.437-0800: 0.641: [GC concurrent-mark-start]
2020-10-28T17:54:24.438-0800: 0.642: [GC concurrent-mark-end, 0.0010089 secs]
2020-10-28T17:54:24.438-0800: 0.642: [GC remark, 0.0013286 secs]
2020-10-28T17:54:24.440-0800: 0.643: [GC cleanup 367M->367M(512M), 0.0004934 secs]
2020-10-28T17:54:24.444-0800: 0.648: [GC pause (G1 Evacuation Pause) (young) 400M->374M(512M), 0.0022903 secs]
2020-10-28T17:54:24.450-0800: 0.654: [GC pause (G1 Evacuation Pause) (mixed) 400M->363M(512M), 0.0041558 secs]
2020-10-28T17:54:24.455-0800: 0.658: [GC pause (G1 Humongous Allocation) (young) (initial-mark) 365M->364M(512M), 0.0012625 secs]
2020-10-28T17:54:24.456-0800: 0.660: [GC concurrent-root-region-scan-start]
2020-10-28T17:54:24.456-0800: 0.660: [GC concurrent-root-region-scan-end, 0.0000394 secs]
2020-10-28T17:54:24.456-0800: 0.660: [GC concurrent-mark-start]
2020-10-28T17:54:24.457-0800: 0.661: [GC concurrent-mark-end, 0.0009806 secs]
2020-10-28T17:54:24.457-0800: 0.661: [GC remark, 0.0012081 secs]
2020-10-28T17:54:24.458-0800: 0.662: [GC cleanup 373M->373M(512M), 0.0005696 secs]
2020-10-28T17:54:24.463-0800: 0.666: [GC pause (G1 Evacuation Pause) (young) 402M->383M(512M), 0.0023071 secs]
2020-10-28T17:54:24.469-0800: 0.672: [GC pause (G1 Evacuation Pause) (mixed)-- 413M->375M(512M), 0.0037395 secs]
2020-10-28T17:54:24.472-0800: 0.676: [GC pause (G1 Humongous Allocation) (young) (initial-mark) 376M->375M(512M), 0.0009590 secs]
2020-10-28T17:54:24.473-0800: 0.677: [GC concurrent-root-region-scan-start]
2020-10-28T17:54:24.473-0800: 0.677: [GC concurrent-root-region-scan-end, 0.0000076 secs]
2020-10-28T17:54:24.473-0800: 0.677: [GC concurrent-mark-start]
2020-10-28T17:54:24.474-0800: 0.678: [GC concurrent-mark-end, 0.0009588 secs]
2020-10-28T17:54:24.475-0800: 0.678: [GC remark, 0.0018066 secs]
2020-10-28T17:54:24.476-0800: 0.680: [GC cleanup 383M->383M(512M), 0.0004978 secs]
2020-10-28T17:54:24.481-0800: 0.684: [GC pause (G1 Evacuation Pause) (young) 410M->387M(512M), 0.0018377 secs]
2020-10-28T17:54:24.486-0800: 0.690: [GC pause (G1 Evacuation Pause) (mixed)-- 413M->393M(512M), 0.0028937 secs]
2020-10-28T17:54:24.490-0800: 0.694: [GC pause (G1 Humongous Allocation) (young) (initial-mark) 397M->392M(512M), 0.0021229 secs]
2020-10-28T17:54:24.492-0800: 0.696: [GC concurrent-root-region-scan-start]
2020-10-28T17:54:24.492-0800: 0.696: [GC concurrent-root-region-scan-end, 0.0001475 secs]
2020-10-28T17:54:24.492-0800: 0.696: [GC concurrent-mark-start]
2020-10-28T17:54:24.493-0800: 0.697: [GC concurrent-mark-end, 0.0010243 secs]
2020-10-28T17:54:24.493-0800: 0.697: [GC remark, 0.0015505 secs]
2020-10-28T17:54:24.495-0800: 0.699: [GC cleanup 399M->399M(512M), 0.0005575 secs]
2020-10-28T17:54:24.499-0800: 0.703: [GC pause (G1 Evacuation Pause) (young) 421M->399M(512M), 0.0013546 secs]
2020-10-28T17:54:24.503-0800: 0.707: [GC pause (G1 Evacuation Pause) (mixed)-- 424M->417M(512M), 0.0022596 secs]
2020-10-28T17:54:24.506-0800: 0.709: [GC pause (G1 Humongous Allocation) (young) (initial-mark) 418M->417M(512M), 0.0013824 secs]
2020-10-28T17:54:24.507-0800: 0.711: [GC concurrent-root-region-scan-start]
2020-10-28T17:54:24.507-0800: 0.711: [GC concurrent-root-region-scan-end, 0.0000266 secs]
2020-10-28T17:54:24.507-0800: 0.711: [GC concurrent-mark-start]
2020-10-28T17:54:24.508-0800: 0.712: [GC concurrent-mark-end, 0.0008552 secs]
2020-10-28T17:54:24.508-0800: 0.712: [GC remark, 0.0013305 secs]
2020-10-28T17:54:24.510-0800: 0.713: [GC cleanup 425M->425M(512M), 0.0004729 secs]
2020-10-28T17:54:24.513-0800: 0.717: [GC pause (G1 Evacuation Pause) (young)-- 441M->436M(512M), 0.0010007 secs]
2020-10-28T17:54:24.515-0800: 0.718: [GC pause (G1 Humongous Allocation) (mixed)-- 441M->439M(512M), 0.0008328 secs]
2020-10-28T17:54:24.516-0800: 0.720: [GC pause (G1 Evacuation Pause) (mixed)-- 442M->441M(512M), 0.0006428 secs]
2020-10-28T17:54:24.517-0800: 0.720: [GC pause (G1 Evacuation Pause) (young)-- 442M->442M(512M), 0.0005779 secs]
2020-10-28T17:54:24.517-0800: 0.721: [Full GC (Allocation Failure)  442M->335M(512M), 0.0331939 secs]
2020-10-28T17:54:24.551-0800: 0.755: [GC pause (G1 Humongous Allocation) (young) (initial-mark) 337M->336M(512M), 0.0010915 secs]
2020-10-28T17:54:24.552-0800: 0.756: [GC concurrent-root-region-scan-start]
2020-10-28T17:54:24.552-0800: 0.756: [GC concurrent-root-region-scan-end, 0.0000737 secs]
2020-10-28T17:54:24.552-0800: 0.756: [GC concurrent-mark-start]
2020-10-28T17:54:24.553-0800: 0.757: [GC concurrent-mark-end, 0.0009069 secs]
2020-10-28T17:54:24.553-0800: 0.757: [GC remark, 0.0016602 secs]
2020-10-28T17:54:24.555-0800: 0.759: [GC cleanup 343M->343M(512M), 0.0006125 secs]
2020-10-28T17:54:24.560-0800: 0.764: [GC pause (G1 Evacuation Pause) (young) 369M->339M(512M), 0.0026181 secs]
2020-10-28T17:54:24.563-0800: 0.767: [GC pause (G1 Humongous Allocation) (young) (initial-mark) 341M->340M(512M), 0.0012613 secs]
2020-10-28T17:54:24.564-0800: 0.768: [GC concurrent-root-region-scan-start]
2020-10-28T17:54:24.564-0800: 0.768: [GC concurrent-root-region-scan-end, 0.0000762 secs]
2020-10-28T17:54:24.564-0800: 0.768: [GC concurrent-mark-start]
2020-10-28T17:54:24.565-0800: 0.769: [GC concurrent-mark-end, 0.0009818 secs]
2020-10-28T17:54:24.565-0800: 0.769: [GC remark, 0.0022540 secs]
2020-10-28T17:54:24.568-0800: 0.771: [GC cleanup 348M->348M(512M), 0.0005476 secs]
2020-10-28T17:54:24.572-0800: 0.775: [GC pause (G1 Evacuation Pause) (young) 369M->346M(512M), 0.0021305 secs]
2020-10-28T17:54:24.577-0800: 0.780: [GC pause (G1 Evacuation Pause) (mixed) 373M->354M(512M), 0.0022275 secs]
2020-10-28T17:54:24.580-0800: 0.783: [GC pause (G1 Humongous Allocation) (young) (initial-mark) 359M->355M(512M), 0.0022219 secs]
2020-10-28T17:54:24.582-0800: 0.786: [GC concurrent-root-region-scan-start]
2020-10-28T17:54:24.582-0800: 0.786: [GC concurrent-root-region-scan-end, 0.0000389 secs]
2020-10-28T17:54:24.582-0800: 0.786: [GC concurrent-mark-start]
2020-10-28T17:54:24.583-0800: 0.787: [GC concurrent-mark-end, 0.0008390 secs]
2020-10-28T17:54:24.583-0800: 0.787: [GC remark, 0.0011855 secs]
2020-10-28T17:54:24.584-0800: 0.788: [GC cleanup 363M->363M(512M), 0.0005232 secs]
2020-10-28T17:54:24.588-0800: 0.791: [GC pause (G1 Evacuation Pause) (young) 386M->361M(512M), 0.0013742 secs]
2020-10-28T17:54:24.592-0800: 0.796: [GC pause (G1 Evacuation Pause) (mixed)-- 388M->366M(512M), 0.0040120 secs]
2020-10-28T17:54:24.597-0800: 0.800: [GC pause (G1 Humongous Allocation) (young) (initial-mark) 369M->367M(512M), 0.0018978 secs]
2020-10-28T17:54:24.599-0800: 0.802: [GC concurrent-root-region-scan-start]
2020-10-28T17:54:24.599-0800: 0.802: [GC concurrent-root-region-scan-end, 0.0000754 secs]
2020-10-28T17:54:24.599-0800: 0.802: [GC concurrent-mark-start]
2020-10-28T17:54:24.600-0800: 0.803: [GC concurrent-mark-end, 0.0009520 secs]
2020-10-28T17:54:24.600-0800: 0.803: [GC remark, 0.0018247 secs]
2020-10-28T17:54:24.602-0800: 0.805: [GC cleanup 375M->374M(512M), 0.0005232 secs]
2020-10-28T17:54:24.602-0800: 0.806: [GC concurrent-cleanup-start]
2020-10-28T17:54:24.602-0800: 0.806: [GC concurrent-cleanup-end, 0.0000080 secs]
2020-10-28T17:54:24.607-0800: 0.810: [GC pause (G1 Evacuation Pause) (young) 401M->376M(512M), 0.0034390 secs]
2020-10-28T17:54:24.614-0800: 0.817: [GC pause (G1 Evacuation Pause) (mixed)-- 402M->402M(512M), 0.0026115 secs]
2020-10-28T17:54:24.617-0800: 0.821: [GC pause (G1 Humongous Allocation) (young) (initial-mark) 404M->402M(512M), 0.0031621 secs]
2020-10-28T17:54:24.620-0800: 0.824: [GC concurrent-root-region-scan-start]
2020-10-28T17:54:24.620-0800: 0.824: [GC concurrent-root-region-scan-end, 0.0000848 secs]
2020-10-28T17:54:24.620-0800: 0.824: [GC concurrent-mark-start]
2020-10-28T17:54:24.623-0800: 0.826: [GC concurrent-mark-end, 0.0023299 secs]
2020-10-28T17:54:24.623-0800: 0.826: [GC remark, 0.0016503 secs]
2020-10-28T17:54:24.625-0800: 0.828: [GC cleanup 410M->410M(512M), 0.0005541 secs]
2020-10-28T17:54:24.627-0800: 0.831: [GC pause (G1 Humongous Allocation) (young)-- 419M->415M(512M), 0.0010563 secs]
2020-10-28T17:54:24.629-0800: 0.832: [GC pause (G1 Evacuation Pause) (mixed)-- 419M->419M(512M), 0.0014246 secs]
2020-10-28T17:54:24.630-0800: 0.834: [GC pause (G1 Humongous Allocation) (mixed)-- 419M->419M(512M), 0.0008831 secs]
2020-10-28T17:54:24.631-0800: 0.835: [GC pause (G1 Evacuation Pause) (young) (initial-mark) 419M->419M(512M), 0.0006943 secs]
2020-10-28T17:54:24.632-0800: 0.836: [GC concurrent-root-region-scan-start]
2020-10-28T17:54:24.632-0800: 0.836: [GC concurrent-root-region-scan-end, 0.0000064 secs]
2020-10-28T17:54:24.632-0800: 0.836: [GC concurrent-mark-start]
2020-10-28T17:54:24.632-0800: 0.836: [GC pause (G1 Evacuation Pause) (young)-- 420M->420M(512M), 0.0007312 secs]
2020-10-28T17:54:24.633-0800: 0.837: [Full GC (Allocation Failure)  420M->341M(512M), 0.0342654 secs]
2020-10-28T17:54:24.667-0800: 0.871: [GC concurrent-mark-abort]
2020-10-28T17:54:24.668-0800: 0.872: [GC pause (G1 Humongous Allocation) (young) (initial-mark) 348M->342M(512M), 0.0017900 secs]
2020-10-28T17:54:24.670-0800: 0.874: [GC concurrent-root-region-scan-start]
2020-10-28T17:54:24.670-0800: 0.874: [GC concurrent-root-region-scan-end, 0.0000718 secs]
2020-10-28T17:54:24.670-0800: 0.874: [GC concurrent-mark-start]
2020-10-28T17:54:24.671-0800: 0.875: [GC concurrent-mark-end, 0.0010357 secs]
2020-10-28T17:54:24.672-0800: 0.875: [GC remark, 0.0016266 secs]
2020-10-28T17:54:24.673-0800: 0.877: [GC cleanup 348M->348M(512M), 0.0005912 secs]
2020-10-28T17:54:24.677-0800: 0.881: [GC pause (G1 Evacuation Pause) (young) 367M->345M(512M), 0.0015610 secs]
2020-10-28T17:54:24.679-0800: 0.883: [GC pause (G1 Humongous Allocation) (young) (initial-mark) 346M->345M(512M), 0.0013225 secs]
2020-10-28T17:54:24.680-0800: 0.884: [GC concurrent-root-region-scan-start]
2020-10-28T17:54:24.681-0800: 0.884: [GC concurrent-root-region-scan-end, 0.0000419 secs]
2020-10-28T17:54:24.681-0800: 0.884: [GC concurrent-mark-start]
2020-10-28T17:54:24.681-0800: 0.885: [GC concurrent-mark-end, 0.0009060 secs]
2020-10-28T17:54:24.681-0800: 0.885: [GC remark, 0.0016353 secs]
2020-10-28T17:54:24.683-0800: 0.887: [GC cleanup 352M->352M(512M), 0.0005504 secs]
2020-10-28T17:54:24.687-0800: 0.891: [GC pause (G1 Evacuation Pause) (young) 376M->355M(512M), 0.0025037 secs]
2020-10-28T17:54:24.694-0800: 0.897: [GC pause (G1 Evacuation Pause) (mixed) 382M->360M(512M), 0.0015927 secs]
2020-10-28T17:54:24.696-0800: 0.899: [GC pause (G1 Humongous Allocation) (young) (initial-mark) 365M->360M(512M), 0.0011357 secs]
2020-10-28T17:54:24.697-0800: 0.901: [GC concurrent-root-region-scan-start]
2020-10-28T17:54:24.697-0800: 0.901: [GC concurrent-root-region-scan-end, 0.0000753 secs]
2020-10-28T17:54:24.697-0800: 0.901: [GC concurrent-mark-start]
2020-10-28T17:54:24.698-0800: 0.901: [GC concurrent-mark-end, 0.0007845 secs]
2020-10-28T17:54:24.698-0800: 0.902: [GC remark, 0.0013327 secs]
2020-10-28T17:54:24.699-0800: 0.903: [GC cleanup 366M->366M(512M), 0.0005158 secs]
2020-10-28T17:54:24.703-0800: 0.907: [GC pause (G1 Evacuation Pause) (young) 389M->367M(512M), 0.0020764 secs]
2020-10-28T17:54:24.708-0800: 0.911: [GC pause (G1 Evacuation Pause) (mixed)-- 392M->374M(512M), 0.0030761 secs]
2020-10-28T17:54:24.711-0800: 0.914: [GC pause (G1 Humongous Allocation) (young) (initial-mark) 375M->374M(512M), 0.0009738 secs]
2020-10-28T17:54:24.712-0800: 0.915: [GC concurrent-root-region-scan-start]
2020-10-28T17:54:24.712-0800: 0.916: [GC concurrent-root-region-scan-end, 0.0000773 secs]
2020-10-28T17:54:24.712-0800: 0.916: [GC concurrent-mark-start]
2020-10-28T17:54:24.713-0800: 0.916: [GC concurrent-mark-end, 0.0008239 secs]
2020-10-28T17:54:24.713-0800: 0.916: [GC remark, 0.0012299 secs]
2020-10-28T17:54:24.714-0800: 0.918: [GC cleanup 381M->381M(512M), 0.0006103 secs]
2020-10-28T17:54:24.717-0800: 0.921: [GC pause (G1 Evacuation Pause) (young) 401M->381M(512M), 0.0012384 secs]
2020-10-28T17:54:24.721-0800: 0.925: [GC pause (G1 Evacuation Pause) (mixed)-- 406M->405M(512M), 0.0019917 secs]
2020-10-28T17:54:24.723-0800: 0.927: [GC pause (G1 Humongous Allocation) (young) (initial-mark) 406M->405M(512M), 0.0007656 secs]
2020-10-28T17:54:24.724-0800: 0.928: [GC concurrent-root-region-scan-start]
2020-10-28T17:54:24.724-0800: 0.928: [GC concurrent-root-region-scan-end, 0.0000769 secs]
2020-10-28T17:54:24.724-0800: 0.928: [GC concurrent-mark-start]
2020-10-28T17:54:24.725-0800: 0.929: [GC concurrent-mark-end, 0.0007679 secs]
2020-10-28T17:54:24.725-0800: 0.929: [GC remark, 0.0012194 secs]
2020-10-28T17:54:24.726-0800: 0.930: [GC cleanup 414M->414M(512M), 0.0004488 secs]
2020-10-28T17:54:24.728-0800: 0.931: [GC pause (G1 Humongous Allocation) (young)-- 422M->414M(512M), 0.0007550 secs]
2020-10-28T17:54:24.729-0800: 0.933: [GC pause (G1 Humongous Allocation) (mixed)-- 422M->419M(512M), 0.0009091 secs]
2020-10-28T17:54:24.731-0800: 0.934: [GC pause (G1 Evacuation Pause) (mixed)-- 423M->422M(512M), 0.0008263 secs]
2020-10-28T17:54:24.732-0800: 0.936: [GC pause (G1 Evacuation Pause) (young)-- 424M->424M(512M), 0.0010040 secs]
2020-10-28T17:54:24.733-0800: 0.937: [Full GC (Allocation Failure)  424M->341M(512M), 0.0333361 secs]
2020-10-28T17:54:24.767-0800: 0.971: [GC pause (G1 Humongous Allocation) (young) (initial-mark) 343M->342M(512M), 0.0017515 secs]
2020-10-28T17:54:24.769-0800: 0.973: [GC concurrent-root-region-scan-start]
2020-10-28T17:54:24.769-0800: 0.973: [GC concurrent-root-region-scan-end, 0.0000684 secs]
2020-10-28T17:54:24.769-0800: 0.973: [GC concurrent-mark-start]
2020-10-28T17:54:24.770-0800: 0.974: [GC concurrent-mark-end, 0.0009298 secs]
2020-10-28T17:54:24.770-0800: 0.974: [GC remark, 0.0014893 secs]
2020-10-28T17:54:24.772-0800: 0.976: [GC cleanup 349M->349M(512M), 0.0007322 secs]
2020-10-28T17:54:24.776-0800: 0.980: [GC pause (G1 Evacuation Pause) (young) 375M->354M(512M), 0.0026409 secs]
2020-10-28T17:54:24.779-0800: 0.983: [GC pause (G1 Humongous Allocation) (young) (initial-mark) 355M->353M(512M), 0.0011237 secs]
2020-10-28T17:54:24.780-0800: 0.984: [GC concurrent-root-region-scan-start]
2020-10-28T17:54:24.780-0800: 0.984: [GC concurrent-root-region-scan-end, 0.0000436 secs]
2020-10-28T17:54:24.780-0800: 0.984: [GC concurrent-mark-start]
2020-10-28T17:54:24.782-0800: 0.985: [GC concurrent-mark-end, 0.0012568 secs]
2020-10-28T17:54:24.782-0800: 0.985: [GC remark, 0.0014388 secs]
2020-10-28T17:54:24.783-0800: 0.987: [GC cleanup 364M->364M(512M), 0.0006718 secs]
2020-10-28T17:54:24.788-0800: 0.991: [GC pause (G1 Evacuation Pause) (young) 388M->364M(512M), 0.0025614 secs]
2020-10-28T17:54:24.792-0800: 0.995: [GC pause (G1 Humongous Allocation) (young) (initial-mark) 372M->366M(512M), 0.0020783 secs]
2020-10-28T17:54:24.794-0800: 0.997: [GC concurrent-root-region-scan-start]
2020-10-28T17:54:24.794-0800: 0.997: [GC concurrent-root-region-scan-end, 0.0000712 secs]
2020-10-28T17:54:24.794-0800: 0.997: [GC concurrent-mark-start]
2020-10-28T17:54:24.795-0800: 0.998: [GC concurrent-mark-end, 0.0009008 secs]
2020-10-28T17:54:24.795-0800: 0.998: [GC remark, 0.0012347 secs]
2020-10-28T17:54:24.796-0800: 1.000: [GC cleanup 373M->373M(512M), 0.0004312 secs]
2020-10-28T17:54:24.799-0800: 1.003: [GC pause (G1 Evacuation Pause) (young) 392M->377M(512M), 0.0018352 secs]
2020-10-28T17:54:24.805-0800: 1.009: [GC pause (G1 Evacuation Pause) (mixed)-- 406M->400M(512M), 0.0031454 secs]
2020-10-28T17:54:24.809-0800: 1.012: [GC pause (G1 Humongous Allocation) (young) (initial-mark) 403M->401M(512M), 0.0015586 secs]
2020-10-28T17:54:24.810-0800: 1.014: [GC concurrent-root-region-scan-start]
2020-10-28T17:54:24.810-0800: 1.014: [GC concurrent-root-region-scan-end, 0.0000296 secs]
2020-10-28T17:54:24.810-0800: 1.014: [GC concurrent-mark-start]
2020-10-28T17:54:24.812-0800: 1.015: [GC concurrent-mark-end, 0.0011950 secs]
2020-10-28T17:54:24.812-0800: 1.015: [GC remark, 0.0025326 secs]
2020-10-28T17:54:24.814-0800: 1.018: [GC cleanup 409M->409M(512M), 0.0005058 secs]
2020-10-28T17:54:24.817-0800: 1.020: [GC pause (G1 Evacuation Pause) (young)-- 417M->411M(512M), 0.0014793 secs]
2020-10-28T17:54:24.819-0800: 1.023: [GC pause (G1 Humongous Allocation) (mixed)-- 417M->416M(512M), 0.0016908 secs]
2020-10-28T17:54:24.821-0800: 1.025: [GC pause (G1 Evacuation Pause) (mixed)-- 417M->417M(512M), 0.0023999 secs]
2020-10-28T17:54:24.824-0800: 1.028: [GC pause (G1 Evacuation Pause) (young)-- 418M->417M(512M), 0.0012100 secs]
2020-10-28T17:54:24.825-0800: 1.029: [GC pause (G1 Evacuation Pause) (young) (initial-mark)-- 418M->418M(512M), 0.0019288 secs]
2020-10-28T17:54:24.827-0800: 1.031: [GC concurrent-root-region-scan-start]
2020-10-28T17:54:24.827-0800: 1.031: [GC concurrent-root-region-scan-end, 0.0000062 secs]
2020-10-28T17:54:24.827-0800: 1.031: [GC concurrent-mark-start]
2020-10-28T17:54:24.827-0800: 1.031: [Full GC (Allocation Failure)  418M->354M(512M), 0.0449067 secs]
2020-10-28T17:54:24.872-0800: 1.076: [GC concurrent-mark-abort]
2020-10-28T17:54:24.873-0800: 1.076: [GC pause (G1 Humongous Allocation) (young) (initial-mark) 357M->355M(512M), 0.0016123 secs]
2020-10-28T17:54:24.874-0800: 1.078: [GC concurrent-root-region-scan-start]
2020-10-28T17:54:24.875-0800: 1.078: [GC concurrent-root-region-scan-end, 0.0000976 secs]
2020-10-28T17:54:24.875-0800: 1.078: [GC concurrent-mark-start]
2020-10-28T17:54:24.876-0800: 1.079: [GC concurrent-mark-end, 0.0010611 secs]
2020-10-28T17:54:24.876-0800: 1.079: [GC remark, 0.0025469 secs]
2020-10-28T17:54:24.879-0800: 1.082: [GC cleanup 363M->363M(512M), 0.0008600 secs]
2020-10-28T17:54:24.885-0800: 1.089: [GC pause (G1 Evacuation Pause) (young) 384M->363M(512M), 0.0037810 secs]
2020-10-28T17:54:24.890-0800: 1.094: [GC pause (G1 Humongous Allocation) (young) (initial-mark) 369M->366M(512M), 0.0040273 secs]
2020-10-28T17:54:24.894-0800: 1.098: [GC concurrent-root-region-scan-start]
2020-10-28T17:54:24.894-0800: 1.098: [GC concurrent-root-region-scan-end, 0.0000740 secs]
2020-10-28T17:54:24.894-0800: 1.098: [GC concurrent-mark-start]
2020-10-28T17:54:24.896-0800: 1.100: [GC concurrent-mark-end, 0.0018452 secs]
2020-10-28T17:54:24.896-0800: 1.100: [GC remark, 0.0031177 secs]
2020-10-28T17:54:24.900-0800: 1.103: [GC cleanup 368M->368M(512M), 0.0027054 secs]
