OpenJDK 64-Bit Server VM (25.265-b11) for bsd-amd64 JRE (Zulu 8.48.0.53-CA-macosx) (1.8.0_265-b11), built on Jul 28 2020 03:07:54 by "zulu_re" with gcc 4.2.1 (Based on Apple Inc. build 5658) (LLVM build 2336.11.00)
Memory: 4k page, physical 16777216k(1653692k free)

/proc/meminfo:

CommandLine flags: -XX:InitialHeapSize=268435456 -XX:MaxHeapSize=4294967296 -XX:+PrintGC -XX:+PrintGCDateStamps -XX:+PrintGCDetails -XX:+PrintGCTimeStamps -XX:+UseCompressedClassPointers -XX:+UseCompressedOops -XX:+UseParallelGC 
2020-10-24T15:51:37.787-0800: 0.125: [GC (Allocation Failure) [PSYoungGen: 65536K->10733K(76288K)] 65536K->21164K(251392K), 0.0072218 secs] [Times: user=0.01 sys=0.03, real=0.01 secs] 
2020-10-24T15:51:37.805-0800: 0.143: [GC (Allocation Failure) [PSYoungGen: 76116K->10743K(141824K)] 86547K->43177K(316928K), 0.0125974 secs] [Times: user=0.02 sys=0.07, real=0.01 secs] 
2020-10-24T15:51:37.853-0800: 0.190: [GC (Allocation Failure) [PSYoungGen: 141815K->10748K(141824K)] 174249K->88850K(316928K), 0.0194465 secs] [Times: user=0.02 sys=0.09, real=0.02 secs] 
2020-10-24T15:51:37.889-0800: 0.226: [GC (Allocation Failure) [PSYoungGen: 141820K->10744K(272896K)] 219922K->131910K(448000K), 0.0198885 secs] [Times: user=0.02 sys=0.11, real=0.02 secs] 
2020-10-24T15:51:37.909-0800: 0.246: [Full GC (Ergonomics) [PSYoungGen: 10744K->0K(272896K)] [ParOldGen: 121165K->118697K(250368K)] 131910K->118697K(523264K), [Metaspace: 2892K->2892K(1056768K)], 0.0113840 secs] [Times: user=0.07 sys=0.00, real=0.02 secs] 
2020-10-24T15:51:37.995-0800: 0.333: [GC (Allocation Failure) [PSYoungGen: 262144K->10748K(272896K)] 380841K->207562K(523264K), 0.0321293 secs] [Times: user=0.04 sys=0.15, real=0.03 secs] 
2020-10-24T15:51:38.027-0800: 0.365: [Full GC (Ergonomics) [PSYoungGen: 10748K->0K(272896K)] [ParOldGen: 196813K->183894K(358912K)] 207562K->183894K(631808K), [Metaspace: 2892K->2892K(1056768K)], 0.0195594 secs] [Times: user=0.11 sys=0.01, real=0.02 secs] 
2020-10-24T15:51:38.089-0800: 0.427: [GC (Allocation Failure) [PSYoungGen: 262144K->86459K(560640K)] 446038K->270353K(919552K), 0.0318742 secs] [Times: user=0.03 sys=0.15, real=0.04 secs] 
2020-10-24T15:51:38.250-0800: 0.588: [GC (Allocation Failure) [PSYoungGen: 552891K->109559K(576000K)] 736785K->370242K(934912K), 0.0630093 secs] [Times: user=0.08 sys=0.32, real=0.06 secs] 
2020-10-24T15:51:38.367-0800: 0.704: [GC (Allocation Failure) [PSYoungGen: 575991K->167419K(953344K)] 836674K->458476K(1312256K), 0.0719556 secs] [Times: user=0.08 sys=0.37, real=0.07 secs] 
2020-10-24T15:51:38.439-0800: 0.776: [Full GC (Ergonomics) [PSYoungGen: 167419K->0K(953344K)] [ParOldGen: 291057K->307144K(496640K)] 458476K->307144K(1449984K), [Metaspace: 2892K->2892K(1056768K)], 0.0361146 secs] [Times: user=0.18 sys=0.02, real=0.04 secs] 
2020-10-24T15:51:38.624-0800: 0.962: [GC (Allocation Failure) [PSYoungGen: 785920K->205574K(995840K)] 1093064K->512719K(1492480K), 0.0742238 secs] [Times: user=0.08 sys=0.39, real=0.07 secs] 
Heap
 PSYoungGen      total 995840K, used 623776K [0x000000076ab00000, 0x00000007c0000000, 0x00000007c0000000)
  eden space 785920K, 53% used [0x000000076ab00000,0x00000007843668c0,0x000000079aa80000)
  from space 209920K, 97% used [0x000000079aa80000,0x00000007a7341ac0,0x00000007a7780000)
  to   space 243712K, 0% used [0x00000007b1200000,0x00000007b1200000,0x00000007c0000000)
 ParOldGen       total 496640K, used 307144K [0x00000006c0000000, 0x00000006de500000, 0x000000076ab00000)
  object space 496640K, 61% used [0x00000006c0000000,0x00000006d2bf21a0,0x00000006de500000)
 Metaspace       used 2899K, capacity 4486K, committed 4864K, reserved 1056768K
  class space    used 309K, capacity 386K, committed 512K, reserved 1048576K
