OpenJDK 64-Bit Server VM (25.265-b11) for bsd-amd64 JRE (Zulu 8.48.0.53-CA-macosx) (1.8.0_265-b11), built on Jul 28 2020 03:07:54 by "zulu_re" with gcc 4.2.1 (Based on Apple Inc. build 5658) (LLVM build 2336.11.00)
Memory: 4k page, physical 16777216k(1820480k free)

/proc/meminfo:

CommandLine flags: -XX:InitialHeapSize=2147483648 -XX:MaxHeapSize=2147483648 -XX:+PrintGC -XX:+PrintGCDateStamps -XX:+PrintGCDetails -XX:+PrintGCTimeStamps -XX:+UseCompressedClassPointers -XX:+UseCompressedOops -XX:+UseParallelGC 
2020-10-24T21:05:02.811-0800: 0.379: [GC (Allocation Failure) [PSYoungGen: 524800K->87025K(611840K)] 524800K->141967K(2010112K), 0.0505904 secs] [Times: user=0.06 sys=0.26, real=0.05 secs] 
2020-10-24T21:05:02.942-0800: 0.510: [GC (Allocation Failure) [PSYoungGen: 611825K->87034K(611840K)] 666767K->261380K(2010112K), 0.0767928 secs] [Times: user=0.09 sys=0.38, real=0.07 secs] 
2020-10-24T21:05:03.080-0800: 0.647: [GC (Allocation Failure) [PSYoungGen: 611834K->87039K(611840K)] 786180K->384117K(2010112K), 0.0595054 secs] [Times: user=0.11 sys=0.25, real=0.05 secs] 
2020-10-24T21:05:03.197-0800: 0.764: [GC (Allocation Failure) [PSYoungGen: 611839K->87032K(611840K)] 908917K->507444K(2010112K), 0.0604178 secs] [Times: user=0.11 sys=0.26, real=0.06 secs] 
2020-10-24T21:05:03.319-0800: 0.887: [GC (Allocation Failure) [PSYoungGen: 611832K->87026K(611840K)] 1032244K->623502K(2010112K), 0.0573998 secs] [Times: user=0.12 sys=0.24, real=0.06 secs] 
2020-10-24T21:05:03.435-0800: 1.002: [GC (Allocation Failure) [PSYoungGen: 611826K->87036K(320000K)] 1148302K->737436K(1718272K), 0.0569509 secs] [Times: user=0.12 sys=0.23, real=0.06 secs] 
2020-10-24T21:05:03.520-0800: 1.087: [GC (Allocation Failure) [PSYoungGen: 319996K->141259K(465920K)] 970396K->796966K(1864192K), 0.0166464 secs] [Times: user=0.10 sys=0.01, real=0.01 secs] 
Heap
 PSYoungGen      total 465920K, used 151261K [0x0000000795580000, 0x00000007c0000000, 0x00000007c0000000)
  eden space 232960K, 4% used [0x0000000795580000,0x0000000795f446a0,0x00000007a3900000)
  from space 232960K, 60% used [0x00000007a3900000,0x00000007ac2f2ef0,0x00000007b1c80000)
  to   space 232960K, 0% used [0x00000007b1c80000,0x00000007b1c80000,0x00000007c0000000)
 ParOldGen       total 1398272K, used 655706K [0x0000000740000000, 0x0000000795580000, 0x0000000795580000)
  object space 1398272K, 46% used [0x0000000740000000,0x0000000768056ba0,0x0000000795580000)
 Metaspace       used 2899K, capacity 4486K, committed 4864K, reserved 1056768K
  class space    used 309K, capacity 386K, committed 512K, reserved 1048576K
