OpenJDK 64-Bit Server VM (25.265-b11) for bsd-amd64 JRE (Zulu 8.48.0.53-CA-macosx) (1.8.0_265-b11), built on Jul 28 2020 03:07:54 by "zulu_re" with gcc 4.2.1 (Based on Apple Inc. build 5658) (LLVM build 2336.11.00)
Memory: 4k page, physical 16777216k(667560k free)

/proc/meminfo:

CommandLine flags: -XX:InitialHeapSize=134217728 -XX:MaxHeapSize=134217728 -XX:+PrintGC -XX:+PrintGCDateStamps -XX:+PrintGCDetails -XX:+PrintGCTimeStamps -XX:+UseCompressedClassPointers -XX:+UseCompressedOops -XX:+UseSerialGC 
2020-10-24T23:59:12.678-0800: 0.135: [GC (Allocation Failure) 2020-10-24T23:59:12.678-0800: 0.135: [DefNew: 34514K->4352K(39296K), 0.0086749 secs] 34514K->14050K(126720K), 0.0087644 secs] [Times: user=0.00 sys=0.00, real=0.01 secs] 
2020-10-24T23:59:12.698-0800: 0.156: [GC (Allocation Failure) 2020-10-24T23:59:12.698-0800: 0.156: [DefNew: 38969K->4350K(39296K), 0.0096983 secs] 48667K->25985K(126720K), 0.0097661 secs] [Times: user=0.00 sys=0.01, real=0.01 secs] 
2020-10-24T23:59:12.713-0800: 0.170: [GC (Allocation Failure) 2020-10-24T23:59:12.713-0800: 0.171: [DefNew: 39065K->4348K(39296K), 0.0089042 secs] 60700K->41614K(126720K), 0.0089697 secs] [Times: user=0.01 sys=0.00, real=0.01 secs] 
2020-10-24T23:59:12.727-0800: 0.184: [GC (Allocation Failure) 2020-10-24T23:59:12.727-0800: 0.184: [DefNew: 39292K->4350K(39296K), 0.0056288 secs] 76558K->50807K(126720K), 0.0056891 secs] [Times: user=0.00 sys=0.01, real=0.01 secs] 
2020-10-24T23:59:12.738-0800: 0.195: [GC (Allocation Failure) 2020-10-24T23:59:12.738-0800: 0.195: [DefNew: 39179K->4351K(39296K), 0.0083814 secs] 85637K->64253K(126720K), 0.0084454 secs] [Times: user=0.00 sys=0.00, real=0.01 secs] 
2020-10-24T23:59:12.750-0800: 0.208: [GC (Allocation Failure) 2020-10-24T23:59:12.751-0800: 0.208: [DefNew: 39295K->4349K(39296K), 0.0071665 secs] 99197K->75567K(126720K), 0.0072277 secs] [Times: user=0.00 sys=0.00, real=0.00 secs] 
2020-10-24T23:59:12.761-0800: 0.219: [GC (Allocation Failure) 2020-10-24T23:59:12.762-0800: 0.219: [DefNew: 39277K->39277K(39296K), 0.0000152 secs]2020-10-24T23:59:12.762-0800: 0.219: [Tenured: 71217K->86506K(87424K), 0.0164639 secs] 110495K->86506K(126720K), [Metaspace: 2892K->2892K(1056768K)], 0.0165557 secs] [Times: user=0.01 sys=0.01, real=0.01 secs] 
2020-10-24T23:59:12.783-0800: 0.240: [GC (Allocation Failure) 2020-10-24T23:59:12.783-0800: 0.240: [DefNew: 34608K->34608K(39296K), 0.0000165 secs]2020-10-24T23:59:12.783-0800: 0.240: [Tenured: 86506K->87352K(87424K), 0.0098137 secs] 121115K->94034K(126720K), [Metaspace: 2892K->2892K(1056768K)], 0.0099141 secs] [Times: user=0.01 sys=0.00, real=0.01 secs] 
2020-10-24T23:59:12.797-0800: 0.254: [Full GC (Allocation Failure) 2020-10-24T23:59:12.797-0800: 0.255: [Tenured: 87352K->87423K(87424K), 0.0082987 secs] 126583K->102626K(126720K), [Metaspace: 2892K->2892K(1056768K)], 0.0083694 secs] [Times: user=0.00 sys=0.00, real=0.01 secs] 
2020-10-24T23:59:12.810-0800: 0.267: [Full GC (Allocation Failure) 2020-10-24T23:59:12.810-0800: 0.267: [Tenured: 87423K->86752K(87424K), 0.0145636 secs] 126578K->103525K(126720K), [Metaspace: 2892K->2892K(1056768K)], 0.0146465 secs] [Times: user=0.01 sys=0.00, real=0.01 secs] 
2020-10-24T23:59:12.828-0800: 0.285: [Full GC (Allocation Failure) 2020-10-24T23:59:12.828-0800: 0.286: [Tenured: 87277K->87277K(87424K), 0.0035623 secs] 126571K->110618K(126720K), [Metaspace: 2892K->2892K(1056768K)], 0.0036302 secs] [Times: user=0.00 sys=0.00, real=0.01 secs] 
2020-10-24T23:59:12.834-0800: 0.292: [Full GC (Allocation Failure) 2020-10-24T23:59:12.834-0800: 0.292: [Tenured: 87277K->87277K(87424K), 0.0036043 secs] 126380K->115549K(126720K), [Metaspace: 2892K->2892K(1056768K)], 0.0036788 secs] [Times: user=0.01 sys=0.00, real=0.00 secs] 
2020-10-24T23:59:12.840-0800: 0.297: [Full GC (Allocation Failure) 2020-10-24T23:59:12.840-0800: 0.297: [Tenured: 87277K->87374K(87424K), 0.0047766 secs] 126492K->118317K(126720K), [Metaspace: 2892K->2892K(1056768K)], 0.0048435 secs] [Times: user=0.00 sys=0.00, real=0.00 secs] 
2020-10-24T23:59:12.846-0800: 0.303: [Full GC (Allocation Failure) 2020-10-24T23:59:12.846-0800: 0.303: [Tenured: 87374K->87201K(87424K), 0.0154019 secs] 126638K->117408K(126720K), [Metaspace: 2892K->2892K(1056768K)], 0.0154748 secs] [Times: user=0.02 sys=0.00, real=0.02 secs] 
2020-10-24T23:59:12.864-0800: 0.321: [Full GC (Allocation Failure) 2020-10-24T23:59:12.864-0800: 0.321: [Tenured: 87417K->87417K(87424K), 0.0037510 secs] 126686K->118801K(126720K), [Metaspace: 2892K->2892K(1056768K)], 0.0038198 secs] [Times: user=0.01 sys=0.00, real=0.00 secs] 
2020-10-24T23:59:12.869-0800: 0.326: [Full GC (Allocation Failure) 2020-10-24T23:59:12.869-0800: 0.326: [Tenured: 87417K->87417K(87424K), 0.0037826 secs] 126695K->118905K(126720K), [Metaspace: 2892K->2892K(1056768K)], 0.0038570 secs] [Times: user=0.00 sys=0.00, real=0.01 secs] 
2020-10-24T23:59:12.874-0800: 0.332: [Full GC (Allocation Failure) 2020-10-24T23:59:12.874-0800: 0.332: [Tenured: 87417K->87417K(87424K), 0.0020277 secs] 126393K->121419K(126720K), [Metaspace: 2892K->2892K(1056768K)], 0.0020863 secs] [Times: user=0.00 sys=0.00, real=0.00 secs] 
2020-10-24T23:59:12.877-0800: 0.334: [Full GC (Allocation Failure) 2020-10-24T23:59:12.877-0800: 0.334: [Tenured: 87417K->86965K(87424K), 0.0147902 secs] 126519K->119941K(126720K), [Metaspace: 2892K->2892K(1056768K)], 0.0148591 secs] [Times: user=0.02 sys=0.00, real=0.02 secs] 
2020-10-24T23:59:12.893-0800: 0.350: [Full GC (Allocation Failure) 2020-10-24T23:59:12.893-0800: 0.350: [Tenured: 86965K->86965K(87424K), 0.0033514 secs] 126184K->121520K(126720K), [Metaspace: 2892K->2892K(1056768K)], 0.0034067 secs] [Times: user=0.00 sys=0.00, real=0.00 secs] 
2020-10-24T23:59:12.897-0800: 0.355: [Full GC (Allocation Failure) 2020-10-24T23:59:12.897-0800: 0.355: [Tenured: 87403K->87403K(87424K), 0.0029236 secs] 126663K->123820K(126720K), [Metaspace: 2892K->2892K(1056768K)], 0.0029832 secs] [Times: user=0.01 sys=0.00, real=0.01 secs] 
2020-10-24T23:59:12.901-0800: 0.358: [Full GC (Allocation Failure) 2020-10-24T23:59:12.901-0800: 0.358: [Tenured: 87403K->87403K(87424K), 0.0021380 secs] 126513K->124891K(126720K), [Metaspace: 2892K->2892K(1056768K)], 0.0021987 secs] [Times: user=0.00 sys=0.00, real=0.00 secs] 
2020-10-24T23:59:12.904-0800: 0.361: [Full GC (Allocation Failure) 2020-10-24T23:59:12.904-0800: 0.361: [Tenured: 87403K->87025K(87424K), 0.0115926 secs] 126437K->125164K(126720K), [Metaspace: 2892K->2892K(1056768K)], 0.0116599 secs] [Times: user=0.01 sys=0.00, real=0.01 secs] 
2020-10-24T23:59:12.915-0800: 0.373: [Full GC (Allocation Failure) 2020-10-24T23:59:12.915-0800: 0.373: [Tenured: 87025K->87025K(87424K), 0.0017801 secs] 125832K->125164K(126720K), [Metaspace: 2892K->2892K(1056768K)], 0.0018260 secs] [Times: user=0.00 sys=0.00, real=0.00 secs] 
2020-10-24T23:59:12.917-0800: 0.374: [Full GC (Allocation Failure) 2020-10-24T23:59:12.917-0800: 0.374: [Tenured: 87025K->87025K(87424K), 0.0016768 secs] 125805K->125196K(126720K), [Metaspace: 2892K->2892K(1056768K)], 0.0017269 secs] [Times: user=0.01 sys=0.00, real=0.00 secs] 
2020-10-24T23:59:12.919-0800: 0.376: [Full GC (Allocation Failure) 2020-10-24T23:59:12.919-0800: 0.376: [Tenured: 87025K->87025K(87424K), 0.0016009 secs] 125861K->125196K(126720K), [Metaspace: 2892K->2892K(1056768K)], 0.0016419 secs] [Times: user=0.00 sys=0.00, real=0.01 secs] 
2020-10-24T23:59:12.921-0800: 0.378: [Full GC (Allocation Failure) 2020-10-24T23:59:12.921-0800: 0.378: [Tenured: 87025K->87025K(87424K), 0.0017124 secs] 125678K->125196K(126720K), [Metaspace: 2892K->2892K(1056768K)], 0.0017688 secs] [Times: user=0.00 sys=0.00, real=0.00 secs] 
2020-10-24T23:59:12.923-0800: 0.380: [Full GC (Allocation Failure) 2020-10-24T23:59:12.923-0800: 0.380: [Tenured: 87025K->87025K(87424K), 0.0014614 secs] 125853K->125853K(126720K), [Metaspace: 2892K->2892K(1056768K)], 0.0015106 secs] [Times: user=0.00 sys=0.00, real=0.00 secs] 
2020-10-24T23:59:12.925-0800: 0.382: [Full GC (Allocation Failure) 2020-10-24T23:59:12.925-0800: 0.382: [Tenured: 87025K->87006K(87424K), 0.0085201 secs] 125853K->125834K(126720K), [Metaspace: 2892K->2892K(1056768K)], 0.0085717 secs] [Times: user=0.01 sys=0.00, real=0.01 secs] 
Heap
 def new generation   total 39296K, used 39125K [0x00000007b8000000, 0x00000007baaa0000, 0x00000007baaa0000)
  eden space 34944K, 100% used [0x00000007b8000000, 0x00000007ba220000, 0x00000007ba220000)
  from space 4352K,  96% used [0x00000007ba220000, 0x00000007ba635618, 0x00000007ba660000)
  to   space 4352K,   0% used [0x00000007ba660000, 0x00000007ba660000, 0x00000007baaa0000)
 tenured generation   total 87424K, used 87006K [0x00000007baaa0000, 0x00000007c0000000, 0x00000007c0000000)
   the space 87424K,  99% used [0x00000007baaa0000, 0x00000007bff978f8, 0x00000007bff97a00, 0x00000007c0000000)
 Metaspace       used 2923K, capacity 4486K, committed 4864K, reserved 1056768K
  class space    used 311K, capacity 386K, committed 512K, reserved 1048576K
