OpenJDK 64-Bit Server VM (25.265-b11) for bsd-amd64 JRE (Zulu 8.48.0.53-CA-macosx) (1.8.0_265-b11), built on Jul 28 2020 03:07:54 by "zulu_re" with gcc 4.2.1 (Based on Apple Inc. build 5658) (LLVM build 2336.11.00)
Memory: 4k page, physical 16777216k(890912k free)

/proc/meminfo:

CommandLine flags: -XX:InitialHeapSize=536870912 -XX:MaxHeapSize=536870912 -XX:+PrintGC -XX:+PrintGCDateStamps -XX:+PrintGCDetails -XX:+PrintGCTimeStamps -XX:+UseCompressedClassPointers -XX:+UseCompressedOops -XX:+UseSerialGC 
2020-10-24T23:58:40.645-0800: 0.182: [GC (Allocation Failure) 2020-10-24T23:58:40.645-0800: 0.182: [DefNew: 139776K->17472K(157248K), 0.0256833 secs] 139776K->43587K(506816K), 0.0257775 secs] [Times: user=0.01 sys=0.02, real=0.03 secs] 
2020-10-24T23:58:40.691-0800: 0.228: [GC (Allocation Failure) 2020-10-24T23:58:40.691-0800: 0.228: [DefNew: 157248K->17471K(157248K), 0.0391789 secs] 183363K->91822K(506816K), 0.0392919 secs] [Times: user=0.03 sys=0.01, real=0.04 secs] 
2020-10-24T23:58:40.752-0800: 0.289: [GC (Allocation Failure) 2020-10-24T23:58:40.752-0800: 0.289: [DefNew: 157247K->17471K(157248K), 0.0287596 secs] 231598K->137629K(506816K), 0.0288395 secs] [Times: user=0.01 sys=0.02, real=0.03 secs] 
2020-10-24T23:58:40.798-0800: 0.335: [GC (Allocation Failure) 2020-10-24T23:58:40.799-0800: 0.335: [DefNew: 157247K->17470K(157248K), 0.0286136 secs] 277405K->181488K(506816K), 0.0286977 secs] [Times: user=0.02 sys=0.01, real=0.03 secs] 
2020-10-24T23:58:40.846-0800: 0.383: [GC (Allocation Failure) 2020-10-24T23:58:40.846-0800: 0.383: [DefNew: 157246K->17469K(157248K), 0.0287797 secs] 321264K->225497K(506816K), 0.0288566 secs] [Times: user=0.02 sys=0.01, real=0.03 secs] 
2020-10-24T23:58:40.893-0800: 0.430: [GC (Allocation Failure) 2020-10-24T23:58:40.893-0800: 0.430: [DefNew: 157245K->17471K(157248K), 0.0330469 secs] 365273K->275732K(506816K), 0.0331304 secs] [Times: user=0.02 sys=0.01, real=0.03 secs] 
2020-10-24T23:58:40.943-0800: 0.480: [GC (Allocation Failure) 2020-10-24T23:58:40.943-0800: 0.480: [DefNew: 157247K->17469K(157248K), 0.0306773 secs] 415508K->322561K(506816K), 0.0307559 secs] [Times: user=0.02 sys=0.02, real=0.03 secs] 
2020-10-24T23:58:40.990-0800: 0.527: [GC (Allocation Failure) 2020-10-24T23:58:40.990-0800: 0.527: [DefNew: 157245K->157245K(157248K), 0.0000173 secs]2020-10-24T23:58:40.990-0800: 0.527: [Tenured: 305092K->278157K(349568K), 0.0458609 secs] 462337K->278157K(506816K), [Metaspace: 2892K->2892K(1056768K)], 0.0459752 secs] [Times: user=0.05 sys=0.00, real=0.04 secs] 
2020-10-24T23:58:41.056-0800: 0.593: [GC (Allocation Failure) 2020-10-24T23:58:41.056-0800: 0.593: [DefNew: 139776K->17471K(157248K), 0.0139641 secs] 417933K->334072K(506816K), 0.0140529 secs] [Times: user=0.01 sys=0.00, real=0.02 secs] 
2020-10-24T23:58:41.090-0800: 0.627: [GC (Allocation Failure) 2020-10-24T23:58:41.090-0800: 0.627: [DefNew: 157247K->157247K(157248K), 0.0000217 secs]2020-10-24T23:58:41.090-0800: 0.627: [Tenured: 316601K->317767K(349568K), 0.0432218 secs] 473848K->317767K(506816K), [Metaspace: 2892K->2892K(1056768K)], 0.0433375 secs] [Times: user=0.04 sys=0.00, real=0.04 secs] 
2020-10-24T23:58:41.152-0800: 0.689: [GC (Allocation Failure) 2020-10-24T23:58:41.152-0800: 0.689: [DefNew: 139776K->139776K(157248K), 0.0000194 secs]2020-10-24T23:58:41.152-0800: 0.689: [Tenured: 317767K->328710K(349568K), 0.0494374 secs] 457543K->328710K(506816K), [Metaspace: 2892K->2892K(1056768K)], 0.0495588 secs] [Times: user=0.05 sys=0.01, real=0.05 secs] 
2020-10-24T23:58:41.224-0800: 0.761: [GC (Allocation Failure) 2020-10-24T23:58:41.224-0800: 0.761: [DefNew: 139776K->139776K(157248K), 0.0000199 secs]2020-10-24T23:58:41.224-0800: 0.761: [Tenured: 328710K->318557K(349568K), 0.0487942 secs] 468486K->318557K(506816K), [Metaspace: 2892K->2892K(1056768K)], 0.0489358 secs] [Times: user=0.04 sys=0.00, real=0.05 secs] 
2020-10-24T23:58:41.292-0800: 0.828: [GC (Allocation Failure) 2020-10-24T23:58:41.292-0800: 0.829: [DefNew: 139776K->139776K(157248K), 0.0000153 secs]2020-10-24T23:58:41.292-0800: 0.829: [Tenured: 318557K->345235K(349568K), 0.0383998 secs] 458333K->345235K(506816K), [Metaspace: 2892K->2892K(1056768K)], 0.0385273 secs] [Times: user=0.03 sys=0.00, real=0.04 secs] 
2020-10-24T23:58:41.349-0800: 0.885: [GC (Allocation Failure) 2020-10-24T23:58:41.349-0800: 0.885: [DefNew: 139776K->139776K(157248K), 0.0000178 secs]2020-10-24T23:58:41.349-0800: 0.885: [Tenured: 345235K->345345K(349568K), 0.0404446 secs] 485011K->345345K(506816K), [Metaspace: 2892K->2892K(1056768K)], 0.0405536 secs] [Times: user=0.04 sys=0.00, real=0.04 secs] 
2020-10-24T23:58:41.411-0800: 0.947: [GC (Allocation Failure) 2020-10-24T23:58:41.411-0800: 0.947: [DefNew: 139776K->139776K(157248K), 0.0000199 secs]2020-10-24T23:58:41.411-0800: 0.947: [Tenured: 345345K->349521K(349568K), 0.0589626 secs] 485121K->354542K(506816K), [Metaspace: 2892K->2892K(1056768K)], 0.0590903 secs] [Times: user=0.06 sys=0.01, real=0.06 secs] 
2020-10-24T23:58:41.493-0800: 1.030: [Full GC (Allocation Failure) 2020-10-24T23:58:41.493-0800: 1.030: [Tenured: 349521K->334863K(349568K), 0.0519076 secs] 506705K->334863K(506816K), [Metaspace: 2892K->2892K(1056768K)], 0.0520064 secs] [Times: user=0.05 sys=0.00, real=0.05 secs] 
Heap
 def new generation   total 157248K, used 78194K [0x00000007a0000000, 0x00000007aaaa0000, 0x00000007aaaa0000)
  eden space 139776K,  55% used [0x00000007a0000000, 0x00000007a4c5c800, 0x00000007a8880000)
  from space 17472K,   0% used [0x00000007a8880000, 0x00000007a8880000, 0x00000007a9990000)
  to   space 17472K,   0% used [0x00000007a9990000, 0x00000007a9990000, 0x00000007aaaa0000)
 tenured generation   total 349568K, used 334863K [0x00000007aaaa0000, 0x00000007c0000000, 0x00000007c0000000)
   the space 349568K,  95% used [0x00000007aaaa0000, 0x00000007bf1a3e70, 0x00000007bf1a4000, 0x00000007c0000000)
 Metaspace       used 2899K, capacity 4486K, committed 4864K, reserved 1056768K
  class space    used 309K, capacity 386K, committed 512K, reserved 1048576K
