OpenJDK 64-Bit Server VM (25.265-b11) for bsd-amd64 JRE (Zulu 8.48.0.53-CA-macosx) (1.8.0_265-b11), built on Jul 28 2020 03:07:54 by "zulu_re" with gcc 4.2.1 (Based on Apple Inc. build 5658) (LLVM build 2336.11.00)
Memory: 4k page, physical 16777216k(27900k free)

/proc/meminfo:

CommandLine flags: -XX:InitialHeapSize=268435456 -XX:MaxHeapSize=4294967296 -XX:+PrintGC -XX:+PrintGCDateStamps -XX:+PrintGCDetails -XX:+PrintGCTimeStamps -XX:+UseCompressedClassPointers -XX:+UseCompressedOops -XX:+UseSerialGC 
2020-10-24T22:50:00.209-0800: 0.171: [GC (Allocation Failure) 2020-10-24T22:50:00.209-0800: 0.171: [DefNew: 69770K->8704K(78656K), 0.0167116 secs] 69770K->23561K(253440K), 0.0168579 secs] [Times: user=0.01 sys=0.00, real=0.02 secs] 
2020-10-24T22:50:00.239-0800: 0.201: [GC (Allocation Failure) 2020-10-24T22:50:00.239-0800: 0.201: [DefNew: 78568K->8696K(78656K), 0.0203654 secs] 93425K->45195K(253440K), 0.0204603 secs] [Times: user=0.01 sys=0.00, real=0.03 secs] 
2020-10-24T22:50:00.268-0800: 0.229: [GC (Allocation Failure) 2020-10-24T22:50:00.268-0800: 0.229: [DefNew: 78648K->8702K(78656K), 0.0177235 secs] 115147K->69057K(253440K), 0.0178036 secs] [Times: user=0.01 sys=0.01, real=0.02 secs] 
2020-10-24T22:50:00.295-0800: 0.257: [GC (Allocation Failure) 2020-10-24T22:50:00.295-0800: 0.257: [DefNew: 78550K->8701K(78656K), 0.0145468 secs] 138904K->89206K(253440K), 0.0146303 secs] [Times: user=0.00 sys=0.01, real=0.02 secs] 
2020-10-24T22:50:00.320-0800: 0.281: [GC (Allocation Failure) 2020-10-24T22:50:00.320-0800: 0.281: [DefNew: 78653K->8699K(78656K), 0.0165465 secs] 159158K->114132K(253440K), 0.0166275 secs] [Times: user=0.01 sys=0.00, real=0.01 secs] 
2020-10-24T22:50:00.346-0800: 0.308: [GC (Allocation Failure) 2020-10-24T22:50:00.346-0800: 0.308: [DefNew: 78651K->8703K(78656K), 0.0155677 secs] 184084K->136176K(253440K), 0.0156476 secs] [Times: user=0.01 sys=0.01, real=0.02 secs] 
2020-10-24T22:50:00.371-0800: 0.333: [GC (Allocation Failure) 2020-10-24T22:50:00.371-0800: 0.333: [DefNew: 78571K->8701K(78656K), 0.0149883 secs] 206043K->159091K(253440K), 0.0150656 secs] [Times: user=0.01 sys=0.01, real=0.01 secs] 
2020-10-24T22:50:00.395-0800: 0.357: [GC (Allocation Failure) 2020-10-24T22:50:00.395-0800: 0.357: [DefNew: 78653K->8699K(78656K), 0.0185561 secs]2020-10-24T22:50:00.414-0800: 0.375: [Tenured: 175155K->161023K(175168K), 0.0296649 secs] 229043K->161023K(253824K), [Metaspace: 2892K->2892K(1056768K)], 0.0485336 secs] [Times: user=0.04 sys=0.00, real=0.05 secs] 
2020-10-24T22:50:00.470-0800: 0.432: [GC (Allocation Failure) 2020-10-24T22:50:00.470-0800: 0.432: [DefNew: 107456K->13375K(120832K), 0.0186722 secs] 268479K->199318K(389208K), 0.0187701 secs] [Times: user=0.01 sys=0.01, real=0.01 secs] 
2020-10-24T22:50:00.505-0800: 0.466: [GC (Allocation Failure) 2020-10-24T22:50:00.505-0800: 0.466: [DefNew: 120755K->13375K(120832K), 0.0283379 secs] 306699K->233747K(389208K), 0.0284681 secs] [Times: user=0.02 sys=0.01, real=0.03 secs] 
2020-10-24T22:50:00.546-0800: 0.507: [GC (Allocation Failure) 2020-10-24T22:50:00.546-0800: 0.507: [DefNew: 120831K->13370K(120832K), 0.0237774 secs] 341203K->264907K(389208K), 0.0238661 secs] [Times: user=0.01 sys=0.01, real=0.03 secs] 
2020-10-24T22:50:00.583-0800: 0.544: [GC (Allocation Failure) 2020-10-24T22:50:00.583-0800: 0.544: [DefNew: 120826K->13375K(120832K), 0.0243821 secs]2020-10-24T22:50:00.607-0800: 0.569: [Tenured: 287283K->251154K(287360K), 0.0388825 secs] 372363K->251154K(408192K), [Metaspace: 2892K->2892K(1056768K)], 0.0637057 secs] [Times: user=0.06 sys=0.01, real=0.06 secs] 
2020-10-24T22:50:00.683-0800: 0.644: [GC (Allocation Failure) 2020-10-24T22:50:00.683-0800: 0.644: [DefNew: 167488K->20928K(188416K), 0.0196327 secs] 418642K->300181K(607008K), 0.0197226 secs] [Times: user=0.02 sys=0.00, real=0.02 secs] 
2020-10-24T22:50:00.725-0800: 0.686: [GC (Allocation Failure) 2020-10-24T22:50:00.725-0800: 0.686: [DefNew: 188416K->20926K(188416K), 0.0408684 secs] 467669K->351314K(607008K), 0.0409512 secs] [Times: user=0.02 sys=0.01, real=0.04 secs] 
2020-10-24T22:50:00.786-0800: 0.748: [GC (Allocation Failure) 2020-10-24T22:50:00.786-0800: 0.748: [DefNew: 188414K->20927K(188416K), 0.0336036 secs] 518802K->400071K(607008K), 0.0337492 secs] [Times: user=0.02 sys=0.02, real=0.04 secs] 
2020-10-24T22:50:00.838-0800: 0.800: [GC (Allocation Failure) 2020-10-24T22:50:00.838-0800: 0.800: [DefNew: 188415K->20927K(188416K), 0.0394888 secs]2020-10-24T22:50:00.878-0800: 0.839: [Tenured: 433937K->324101K(434004K), 0.0648031 secs] 567559K->324101K(622420K), [Metaspace: 2892K->2892K(1056768K)], 0.1046629 secs] [Times: user=0.08 sys=0.01, real=0.11 secs] 
2020-10-24T22:50:00.975-0800: 0.936: [GC (Allocation Failure) 2020-10-24T22:50:00.975-0800: 0.936: [DefNew: 216128K->27006K(243136K), 0.0256124 secs] 540229K->401319K(783308K), 0.0256951 secs] [Times: user=0.02 sys=0.01, real=0.03 secs] 
2020-10-24T22:50:01.031-0800: 0.993: [GC (Allocation Failure) 2020-10-24T22:50:01.031-0800: 0.993: [DefNew: 243134K->27005K(243136K), 0.0292236 secs] 617447K->464337K(783308K), 0.0293151 secs] [Times: user=0.02 sys=0.01, real=0.03 secs] 
2020-10-24T22:50:01.086-0800: 1.048: [GC (Allocation Failure) 2020-10-24T22:50:01.086-0800: 1.048: [DefNew: 243133K->27007K(243136K), 0.0459375 secs] 680465K->526657K(783308K), 0.0460166 secs] [Times: user=0.03 sys=0.02, real=0.05 secs] 
Heap
 def new generation   total 243136K, used 154331K [0x00000006c0000000, 0x00000006d07d0000, 0x0000000715550000)
  eden space 216128K,  58% used [0x00000006c0000000, 0x00000006c7c56fe8, 0x00000006cd310000)
  from space 27008K,  99% used [0x00000006ced70000, 0x00000006d07cffe8, 0x00000006d07d0000)
  to   space 27008K,   0% used [0x00000006cd310000, 0x00000006cd310000, 0x00000006ced70000)
 tenured generation   total 540172K, used 499649K [0x0000000715550000, 0x00000007364d3000, 0x00000007c0000000)
   the space 540172K,  92% used [0x0000000715550000, 0x0000000733d40760, 0x0000000733d40800, 0x00000007364d3000)
 Metaspace       used 2899K, capacity 4486K, committed 4864K, reserved 1056768K
  class space    used 309K, capacity 386K, committed 512K, reserved 1048576K
