OpenJDK 64-Bit Server VM (25.265-b11) for bsd-amd64 JRE (Zulu 8.48.0.53-CA-macosx) (1.8.0_265-b11), built on Jul 28 2020 03:07:54 by "zulu_re" with gcc 4.2.1 (Based on Apple Inc. build 5658) (LLVM build 2336.11.00)
Memory: 4k page, physical 16777216k(921036k free)

/proc/meminfo:

CommandLine flags: -XX:InitialHeapSize=268435456 -XX:MaxHeapSize=268435456 -XX:+PrintGC -XX:+PrintGCDateStamps -XX:+PrintGCDetails -XX:+PrintGCTimeStamps -XX:+UseCompressedClassPointers -XX:+UseCompressedOops -XX:+UseSerialGC 
2020-10-24T23:58:57.238-0800: 0.140: [GC (Allocation Failure) 2020-10-24T23:58:57.238-0800: 0.140: [DefNew: 69439K->8704K(78656K), 0.0155226 secs] 69439K->24735K(253440K), 0.0156613 secs] [Times: user=0.01 sys=0.00, real=0.02 secs] 
2020-10-24T23:58:57.269-0800: 0.170: [GC (Allocation Failure) 2020-10-24T23:58:57.269-0800: 0.170: [DefNew: 78380K->8702K(78656K), 0.0183147 secs] 94411K->47509K(253440K), 0.0183845 secs] [Times: user=0.01 sys=0.01, real=0.02 secs] 
2020-10-24T23:58:57.297-0800: 0.199: [GC (Allocation Failure) 2020-10-24T23:58:57.297-0800: 0.199: [DefNew: 78654K->8700K(78656K), 0.0166418 secs] 117461K->73981K(253440K), 0.0167058 secs] [Times: user=0.01 sys=0.01, real=0.02 secs] 
2020-10-24T23:58:57.323-0800: 0.225: [GC (Allocation Failure) 2020-10-24T23:58:57.323-0800: 0.225: [DefNew: 78652K->8701K(78656K), 0.0136083 secs] 143933K->94974K(253440K), 0.0136712 secs] [Times: user=0.01 sys=0.01, real=0.01 secs] 
2020-10-24T23:58:57.346-0800: 0.248: [GC (Allocation Failure) 2020-10-24T23:58:57.346-0800: 0.248: [DefNew: 78588K->8702K(78656K), 0.0122831 secs] 164861K->114080K(253440K), 0.0123496 secs] [Times: user=0.00 sys=0.00, real=0.01 secs] 
2020-10-24T23:58:57.368-0800: 0.270: [GC (Allocation Failure) 2020-10-24T23:58:57.368-0800: 0.270: [DefNew: 78627K->8703K(78656K), 0.0152011 secs] 184005K->137476K(253440K), 0.0152755 secs] [Times: user=0.01 sys=0.01, real=0.02 secs] 
2020-10-24T23:58:57.393-0800: 0.295: [GC (Allocation Failure) 2020-10-24T23:58:57.393-0800: 0.295: [DefNew: 78476K->8699K(78656K), 0.0133778 secs] 207248K->158262K(253440K), 0.0134500 secs] [Times: user=0.01 sys=0.00, real=0.01 secs] 
2020-10-24T23:58:57.419-0800: 0.321: [GC (Allocation Failure) 2020-10-24T23:58:57.419-0800: 0.321: [DefNew: 78651K->78651K(78656K), 0.0000170 secs]2020-10-24T23:58:57.419-0800: 0.321: [Tenured: 149563K->156354K(174784K), 0.0341775 secs] 228214K->156354K(253440K), [Metaspace: 2892K->2892K(1056768K)], 0.0342863 secs] [Times: user=0.03 sys=0.01, real=0.04 secs] 
2020-10-24T23:58:57.468-0800: 0.369: [GC (Allocation Failure) 2020-10-24T23:58:57.468-0800: 0.369: [DefNew: 69748K->69748K(78656K), 0.0000197 secs]2020-10-24T23:58:57.468-0800: 0.369: [Tenured: 156354K->169503K(174784K), 0.0271883 secs] 226103K->169503K(253440K), [Metaspace: 2892K->2892K(1056768K)], 0.0273039 secs] [Times: user=0.02 sys=0.00, real=0.03 secs] 
2020-10-24T23:58:57.508-0800: 0.410: [GC (Allocation Failure) 2020-10-24T23:58:57.508-0800: 0.410: [DefNew: 69952K->69952K(78656K), 0.0000305 secs]2020-10-24T23:58:57.508-0800: 0.410: [Tenured: 169503K->174648K(174784K), 0.0329141 secs] 239455K->181786K(253440K), [Metaspace: 2892K->2892K(1056768K)], 0.0331148 secs] [Times: user=0.03 sys=0.00, real=0.04 secs] 
2020-10-24T23:58:57.553-0800: 0.455: [Full GC (Allocation Failure) 2020-10-24T23:58:57.553-0800: 0.455: [Tenured: 174648K->174429K(174784K), 0.0272570 secs] 253145K->183210K(253440K), [Metaspace: 2892K->2892K(1056768K)], 0.0273511 secs] [Times: user=0.02 sys=0.00, real=0.03 secs] 
2020-10-24T23:58:57.593-0800: 0.494: [Full GC (Allocation Failure) 2020-10-24T23:58:57.593-0800: 0.494: [Tenured: 174429K->174700K(174784K), 0.0138974 secs] 252597K->201621K(253440K), [Metaspace: 2892K->2892K(1056768K)], 0.0139832 secs] [Times: user=0.01 sys=0.00, real=0.01 secs] 
2020-10-24T23:58:57.615-0800: 0.516: [Full GC (Allocation Failure) 2020-10-24T23:58:57.615-0800: 0.516: [Tenured: 174700K->174736K(174784K), 0.0182653 secs] 252847K->211014K(253440K), [Metaspace: 2892K->2892K(1056768K)], 0.0183440 secs] [Times: user=0.02 sys=0.00, real=0.02 secs] 
2020-10-24T23:58:57.640-0800: 0.541: [Full GC (Allocation Failure) 2020-10-24T23:58:57.640-0800: 0.541: [Tenured: 174736K->174686K(174784K), 0.0203183 secs] 253320K->221152K(253440K), [Metaspace: 2892K->2892K(1056768K)], 0.0204380 secs] [Times: user=0.02 sys=0.00, real=0.02 secs] 
2020-10-24T23:58:57.666-0800: 0.568: [Full GC (Allocation Failure) 2020-10-24T23:58:57.666-0800: 0.568: [Tenured: 174686K->174660K(174784K), 0.0309022 secs] 253117K->215939K(253440K), [Metaspace: 2892K->2892K(1056768K)], 0.0309875 secs] [Times: user=0.03 sys=0.00, real=0.03 secs] 
2020-10-24T23:58:57.703-0800: 0.604: [Full GC (Allocation Failure) 2020-10-24T23:58:57.703-0800: 0.604: [Tenured: 174660K->174660K(174784K), 0.0067191 secs] 253297K->229383K(253440K), [Metaspace: 2892K->2892K(1056768K)], 0.0068048 secs] [Times: user=0.00 sys=0.00, real=0.00 secs] 
2020-10-24T23:58:57.714-0800: 0.616: [Full GC (Allocation Failure) 2020-10-24T23:58:57.714-0800: 0.616: [Tenured: 174660K->174649K(174784K), 0.0166371 secs] 253188K->232281K(253440K), [Metaspace: 2892K->2892K(1056768K)], 0.0167248 secs] [Times: user=0.01 sys=0.00, real=0.02 secs] 
2020-10-24T23:58:57.735-0800: 0.637: [Full GC (Allocation Failure) 2020-10-24T23:58:57.735-0800: 0.637: [Tenured: 174721K->174768K(174784K), 0.0209524 secs] 253376K->234213K(253440K), [Metaspace: 2892K->2892K(1056768K)], 0.0210405 secs] [Times: user=0.02 sys=0.00, real=0.02 secs] 
2020-10-24T23:58:57.759-0800: 0.661: [Full GC (Allocation Failure) 2020-10-24T23:58:57.759-0800: 0.661: [Tenured: 174768K->174666K(174784K), 0.0323080 secs] 253367K->227913K(253440K), [Metaspace: 2892K->2892K(1056768K)], 0.0323921 secs] [Times: user=0.03 sys=0.00, real=0.04 secs] 
2020-10-24T23:58:57.795-0800: 0.697: [Full GC (Allocation Failure) 2020-10-24T23:58:57.795-0800: 0.697: [Tenured: 174666K->174666K(174784K), 0.0051105 secs] 252988K->237600K(253440K), [Metaspace: 2892K->2892K(1056768K)], 0.0051860 secs] [Times: user=0.00 sys=0.00, real=0.01 secs] 
2020-10-24T23:58:57.803-0800: 0.704: [Full GC (Allocation Failure) 2020-10-24T23:58:57.803-0800: 0.704: [Tenured: 174666K->174666K(174784K), 0.0074192 secs] 253063K->241862K(253440K), [Metaspace: 2892K->2892K(1056768K)], 0.0075019 secs] [Times: user=0.01 sys=0.00, real=0.01 secs] 
2020-10-24T23:58:57.812-0800: 0.714: [Full GC (Allocation Failure) 2020-10-24T23:58:57.812-0800: 0.714: [Tenured: 174666K->174735K(174784K), 0.0109816 secs] 253274K->245664K(253440K), [Metaspace: 2892K->2892K(1056768K)], 0.0110632 secs] [Times: user=0.01 sys=0.00, real=0.01 secs] 
2020-10-24T23:58:57.825-0800: 0.726: [Full GC (Allocation Failure) 2020-10-24T23:58:57.825-0800: 0.726: [Tenured: 174773K->174724K(174784K), 0.0331145 secs] 253400K->237811K(253440K), [Metaspace: 2892K->2892K(1056768K)], 0.0331943 secs] [Times: user=0.03 sys=0.00, real=0.03 secs] 
2020-10-24T23:58:57.861-0800: 0.762: [Full GC (Allocation Failure) 2020-10-24T23:58:57.861-0800: 0.762: [Tenured: 174724K->174724K(174784K), 0.0063390 secs] 253274K->241425K(253440K), [Metaspace: 2892K->2892K(1056768K)], 0.0064209 secs] [Times: user=0.01 sys=0.00, real=0.00 secs] 
2020-10-24T23:58:57.869-0800: 0.771: [Full GC (Allocation Failure) 2020-10-24T23:58:57.869-0800: 0.771: [Tenured: 174724K->174724K(174784K), 0.0080714 secs] 253146K->243384K(253440K), [Metaspace: 2892K->2892K(1056768K)], 0.0081477 secs] [Times: user=0.01 sys=0.00, real=0.01 secs] 
2020-10-24T23:58:57.879-0800: 0.781: [Full GC (Allocation Failure) 2020-10-24T23:58:57.879-0800: 0.781: [Tenured: 174724K->174724K(174784K), 0.0069970 secs] 253309K->246737K(253440K), [Metaspace: 2892K->2892K(1056768K)], 0.0070692 secs] [Times: user=0.01 sys=0.00, real=0.01 secs] 
2020-10-24T23:58:57.887-0800: 0.789: [Full GC (Allocation Failure) 2020-10-24T23:58:57.887-0800: 0.789: [Tenured: 174724K->174771K(174784K), 0.0329218 secs] 252961K->243208K(253440K), [Metaspace: 2892K->2892K(1056768K)], 0.0330141 secs] [Times: user=0.03 sys=0.00, real=0.04 secs] 
2020-10-24T23:58:57.922-0800: 0.824: [Full GC (Allocation Failure) 2020-10-24T23:58:57.922-0800: 0.824: [Tenured: 174771K->174771K(174784K), 0.0078305 secs] 253377K->247235K(253440K), [Metaspace: 2892K->2892K(1056768K)], 0.0079102 secs] [Times: user=0.01 sys=0.00, real=0.01 secs] 
2020-10-24T23:58:57.931-0800: 0.833: [Full GC (Allocation Failure) 2020-10-24T23:58:57.931-0800: 0.833: [Tenured: 174771K->174771K(174784K), 0.0023405 secs] 253426K->248450K(253440K), [Metaspace: 2892K->2892K(1056768K)], 0.0024320 secs] [Times: user=0.00 sys=0.00, real=0.00 secs] 
2020-10-24T23:58:57.934-0800: 0.836: [Full GC (Allocation Failure) 2020-10-24T23:58:57.934-0800: 0.836: [Tenured: 174771K->174771K(174784K), 0.0076377 secs] 253363K->250771K(253440K), [Metaspace: 2892K->2892K(1056768K)], 0.0076962 secs] [Times: user=0.01 sys=0.00, real=0.01 secs] 
2020-10-24T23:58:57.942-0800: 0.844: [Full GC (Allocation Failure) 2020-10-24T23:58:57.943-0800: 0.844: [Tenured: 174771K->174488K(174784K), 0.0349957 secs] 253177K->248700K(253440K), [Metaspace: 2892K->2892K(1056768K)], 0.0350731 secs] [Times: user=0.04 sys=0.00, real=0.03 secs] 
2020-10-24T23:58:57.978-0800: 0.880: [Full GC (Allocation Failure) 2020-10-24T23:58:57.978-0800: 0.880: [Tenured: 174488K->174488K(174784K), 0.0046458 secs] 252912K->249313K(253440K), [Metaspace: 2892K->2892K(1056768K)], 0.0047163 secs] [Times: user=0.00 sys=0.00, real=0.01 secs] 
2020-10-24T23:58:57.984-0800: 0.885: [Full GC (Allocation Failure) 2020-10-24T23:58:57.984-0800: 0.885: [Tenured: 174488K->174488K(174784K), 0.0081220 secs] 253076K->250206K(253440K), [Metaspace: 2892K->2892K(1056768K)], 0.0081888 secs] [Times: user=0.01 sys=0.00, real=0.01 secs] 
2020-10-24T23:58:57.992-0800: 0.894: [Full GC (Allocation Failure) 2020-10-24T23:58:57.992-0800: 0.894: [Tenured: 174681K->174681K(174784K), 0.0039610 secs] 253279K->251033K(253440K), [Metaspace: 2892K->2892K(1056768K)], 0.0040262 secs] [Times: user=0.00 sys=0.00, real=0.00 secs] 
2020-10-24T23:58:57.997-0800: 0.898: [Full GC (Allocation Failure) 2020-10-24T23:58:57.997-0800: 0.898: [Tenured: 174681K->174557K(174784K), 0.0339451 secs] 253313K->250214K(253440K), [Metaspace: 2892K->2892K(1056768K)], 0.0340189 secs] [Times: user=0.04 sys=0.00, real=0.04 secs] 
2020-10-24T23:58:58.031-0800: 0.933: [Full GC (Allocation Failure) 2020-10-24T23:58:58.031-0800: 0.933: [Tenured: 174557K->174557K(174784K), 0.0025658 secs] 252755K->251084K(253440K), [Metaspace: 2892K->2892K(1056768K)], 0.0026222 secs] [Times: user=0.00 sys=0.00, real=0.00 secs] 
2020-10-24T23:58:58.034-0800: 0.936: [Full GC (Allocation Failure) 2020-10-24T23:58:58.034-0800: 0.936: [Tenured: 174557K->174557K(174784K), 0.0021211 secs] 252732K->252208K(253440K), [Metaspace: 2892K->2892K(1056768K)], 0.0021795 secs] [Times: user=0.00 sys=0.00, real=0.00 secs] 
2020-10-24T23:58:58.037-0800: 0.938: [Full GC (Allocation Failure) 2020-10-24T23:58:58.037-0800: 0.938: [Tenured: 174557K->174557K(174784K), 0.0021042 secs] 252860K->251674K(253440K), [Metaspace: 2892K->2892K(1056768K)], 0.0021688 secs] [Times: user=0.00 sys=0.00, real=0.00 secs] 
2020-10-24T23:58:58.039-0800: 0.941: [Full GC (Allocation Failure) 2020-10-24T23:58:58.039-0800: 0.941: [Tenured: 174780K->174709K(174784K), 0.0240987 secs] 253418K->251906K(253440K), [Metaspace: 2892K->2892K(1056768K)], 0.0241741 secs] [Times: user=0.02 sys=0.00, real=0.03 secs] 
2020-10-24T23:58:58.064-0800: 0.965: [Full GC (Allocation Failure) 2020-10-24T23:58:58.064-0800: 0.965: [Tenured: 174745K->174745K(174784K), 0.0060148 secs] 253384K->252111K(253440K), [Metaspace: 2892K->2892K(1056768K)], 0.0060754 secs] [Times: user=0.01 sys=0.00, real=0.01 secs] 
2020-10-24T23:58:58.070-0800: 0.972: [Full GC (Allocation Failure) 2020-10-24T23:58:58.070-0800: 0.972: [Tenured: 174745K->174745K(174784K), 0.0023123 secs] 253286K->252444K(253440K), [Metaspace: 2892K->2892K(1056768K)], 0.0023767 secs] [Times: user=0.00 sys=0.00, real=0.00 secs] 
2020-10-24T23:58:58.073-0800: 0.975: [Full GC (Allocation Failure) 2020-10-24T23:58:58.073-0800: 0.975: [Tenured: 174745K->174745K(174784K), 0.0044047 secs] 253329K->252860K(253440K), [Metaspace: 2892K->2892K(1056768K)], 0.0044594 secs] [Times: user=0.00 sys=0.00, real=0.00 secs] 
2020-10-24T23:58:58.078-0800: 0.979: [Full GC (Allocation Failure) 2020-10-24T23:58:58.078-0800: 0.979: [Tenured: 174781K->174390K(174784K), 0.0296002 secs] 253405K->252000K(253440K), [Metaspace: 2892K->2892K(1056768K)], 0.0297024 secs] [Times: user=0.03 sys=0.00, real=0.03 secs] 
2020-10-24T23:58:58.107-0800: 1.009: [Full GC (Allocation Failure) 2020-10-24T23:58:58.107-0800: 1.009: [Tenured: 174712K->174712K(174784K), 0.0052160 secs] 253316K->252548K(253440K), [Metaspace: 2892K->2892K(1056768K)], 0.0052566 secs] [Times: user=0.01 sys=0.00, real=0.01 secs] 
2020-10-24T23:58:58.113-0800: 1.015: [Full GC (Allocation Failure) 2020-10-24T23:58:58.113-0800: 1.015: [Tenured: 174712K->174712K(174784K), 0.0020189 secs] 253163K->253015K(253440K), [Metaspace: 2892K->2892K(1056768K)], 0.0020680 secs] [Times: user=0.00 sys=0.00, real=0.00 secs] 
2020-10-24T23:58:58.115-0800: 1.017: [Full GC (Allocation Failure) 2020-10-24T23:58:58.115-0800: 1.017: [Tenured: 174712K->174708K(174784K), 0.0301133 secs] 253015K->252179K(253440K), [Metaspace: 2892K->2892K(1056768K)], 0.0301677 secs] [Times: user=0.03 sys=0.00, real=0.03 secs] 
2020-10-24T23:58:58.146-0800: 1.047: [Full GC (Allocation Failure) 2020-10-24T23:58:58.146-0800: 1.047: [Tenured: 174780K->174708K(174784K), 0.0042118 secs] 253435K->252126K(253440K), [Metaspace: 2892K->2892K(1056768K)], 0.0042718 secs] [Times: user=0.00 sys=0.00, real=0.01 secs] 
2020-10-24T23:58:58.150-0800: 1.052: [Full GC (Allocation Failure) 2020-10-24T23:58:58.150-0800: 1.052: [Tenured: 174708K->174708K(174784K), 0.0021254 secs] 253317K->252419K(253440K), [Metaspace: 2892K->2892K(1056768K)], 0.0021722 secs] [Times: user=0.01 sys=0.00, real=0.00 secs] 
2020-10-24T23:58:58.153-0800: 1.054: [Full GC (Allocation Failure) 2020-10-24T23:58:58.153-0800: 1.054: [Tenured: 174708K->174708K(174784K), 0.0069706 secs] 253177K->252170K(253440K), [Metaspace: 2892K->2892K(1056768K)], 0.0070352 secs] [Times: user=0.00 sys=0.00, real=0.01 secs] 
2020-10-24T23:58:58.160-0800: 1.061: [Full GC (Allocation Failure) 2020-10-24T23:58:58.160-0800: 1.061: [Tenured: 174708K->174708K(174784K), 0.0019523 secs] 252823K->252744K(253440K), [Metaspace: 2892K->2892K(1056768K)], 0.0020064 secs] [Times: user=0.01 sys=0.00, real=0.00 secs] 
2020-10-24T23:58:58.162-0800: 1.064: [Full GC (Allocation Failure) 2020-10-24T23:58:58.162-0800: 1.064: [Tenured: 174708K->174649K(174784K), 0.0263358 secs] 252744K->251730K(253440K), [Metaspace: 2892K->2892K(1056768K)], 0.0264019 secs] [Times: user=0.02 sys=0.00, real=0.02 secs] 
Heap
 def new generation   total 78656K, used 78064K [0x00000007b0000000, 0x00000007b5550000, 0x00000007b5550000)
  eden space 69952K, 100% used [0x00000007b0000000, 0x00000007b4450000, 0x00000007b4450000)
  from space 8704K,  93% used [0x00000007b4cd0000, 0x00000007b54bc3a0, 0x00000007b5550000)
  to   space 8704K,   0% used [0x00000007b4450000, 0x00000007b4450000, 0x00000007b4cd0000)
 tenured generation   total 174784K, used 174649K [0x00000007b5550000, 0x00000007c0000000, 0x00000007c0000000)
   the space 174784K,  99% used [0x00000007b5550000, 0x00000007bffde440, 0x00000007bffde600, 0x00000007c0000000)
 Metaspace       used 2899K, capacity 4486K, committed 4864K, reserved 1056768K
  class space    used 309K, capacity 386K, committed 512K, reserved 1048576K
