OpenJDK 64-Bit Server VM (25.265-b11) for bsd-amd64 JRE (Zulu 8.48.0.53-CA-macosx) (1.8.0_265-b11), built on Jul 28 2020 03:07:54 by "zulu_re" with gcc 4.2.1 (Based on Apple Inc. build 5658) (LLVM build 2336.11.00)
Memory: 4k page, physical 16777216k(1462244k free)

/proc/meminfo:

CommandLine flags: -XX:InitialHeapSize=2147483648 -XX:MaxHeapSize=2147483648 -XX:+PrintGC -XX:+PrintGCDateStamps -XX:+PrintGCDetails -XX:+PrintGCTimeStamps -XX:+UseCompressedClassPointers -XX:+UseCompressedOops -XX:+UseSerialGC 
2020-10-24T23:58:03.573-0800: 0.409: [GC (Allocation Failure) 2020-10-24T23:58:03.573-0800: 0.409: [DefNew: 559232K->69888K(629120K), 0.1013656 secs] 559232K->151066K(2027264K), 0.1014585 secs] [Times: user=0.06 sys=0.05, real=0.10 secs] 
2020-10-24T23:58:03.769-0800: 0.606: [GC (Allocation Failure) 2020-10-24T23:58:03.769-0800: 0.606: [DefNew: 629120K->69888K(629120K), 0.1403270 secs] 710298K->278458K(2027264K), 0.1404348 secs] [Times: user=0.07 sys=0.06, real=0.14 secs] 
2020-10-24T23:58:04.000-0800: 0.837: [GC (Allocation Failure) 2020-10-24T23:58:04.000-0800: 0.837: [DefNew: 629120K->69888K(629120K), 0.1099024 secs] 837690K->398906K(2027264K), 0.1099889 secs] [Times: user=0.07 sys=0.04, real=0.11 secs] 
2020-10-24T23:58:04.229-0800: 1.066: [GC (Allocation Failure) 2020-10-24T23:58:04.229-0800: 1.066: [DefNew: 629120K->69887K(629120K), 0.1361511 secs] 958138K->527600K(2027264K), 0.1362624 secs] [Times: user=0.09 sys=0.05, real=0.14 secs] 
Heap
 def new generation   total 629120K, used 92871K [0x0000000740000000, 0x000000076aaa0000, 0x000000076aaa0000)
  eden space 559232K,   4% used [0x0000000740000000, 0x0000000741671dc0, 0x0000000762220000)
  from space 69888K,  99% used [0x0000000762220000, 0x000000076665fff0, 0x0000000766660000)
  to   space 69888K,   0% used [0x0000000766660000, 0x0000000766660000, 0x000000076aaa0000)
 tenured generation   total 1398144K, used 457712K [0x000000076aaa0000, 0x00000007c0000000, 0x00000007c0000000)
   the space 1398144K,  32% used [0x000000076aaa0000, 0x000000078699c0d8, 0x000000078699c200, 0x00000007c0000000)
 Metaspace       used 2899K, capacity 4486K, committed 4864K, reserved 1056768K
  class space    used 309K, capacity 386K, committed 512K, reserved 1048576K
